Archive member included to satisfy reference by file (symbol)

c:/st/stm32cubeide_1.5.0/stm32cubeide/plugins/com.st.stm32cube.ide.mcu.externaltools.gnu-tools-for-stm32.9-2020-q2-update.win32_2.0.0.202105311346/tools/bin/../lib/gcc/arm-none-eabi/9.3.1/../../../../arm-none-eabi/lib/thumb/v7-m/nofp\libc_nano.a(lib_a-assert.o)
                              ./grbl/settings.o (__assert_func)
c:/st/stm32cubeide_1.5.0/stm32cubeide/plugins/com.st.stm32cube.ide.mcu.externaltools.gnu-tools-for-stm32.9-2020-q2-update.win32_2.0.0.202105311346/tools/bin/../lib/gcc/arm-none-eabi/9.3.1/../../../../arm-none-eabi/lib/thumb/v7-m/nofp\libc_nano.a(lib_a-calloc.o)
                              ./grbl/nvs_buffer.o (calloc)
c:/st/stm32cubeide_1.5.0/stm32cubeide/plugins/com.st.stm32cube.ide.mcu.externaltools.gnu-tools-for-stm32.9-2020-q2-update.win32_2.0.0.202105311346/tools/bin/../lib/gcc/arm-none-eabi/9.3.1/../../../../arm-none-eabi/lib/thumb/v7-m/nofp\libc_nano.a(lib_a-errno.o)
                              ./Src/syscalls.o (__errno)
c:/st/stm32cubeide_1.5.0/stm32cubeide/plugins/com.st.stm32cube.ide.mcu.externaltools.gnu-tools-for-stm32.9-2020-q2-update.win32_2.0.0.202105311346/tools/bin/../lib/gcc/arm-none-eabi/9.3.1/../../../../arm-none-eabi/lib/thumb/v7-m/nofp\libc_nano.a(lib_a-exit.o)
                              c:/st/stm32cubeide_1.5.0/stm32cubeide/plugins/com.st.stm32cube.ide.mcu.externaltools.gnu-tools-for-stm32.9-2020-q2-update.win32_2.0.0.202105311346/tools/bin/../lib/gcc/arm-none-eabi/9.3.1/../../../../arm-none-eabi/lib/thumb/v7-m/nofp/crt0.o (exit)
c:/st/stm32cubeide_1.5.0/stm32cubeide/plugins/com.st.stm32cube.ide.mcu.externaltools.gnu-tools-for-stm32.9-2020-q2-update.win32_2.0.0.202105311346/tools/bin/../lib/gcc/arm-none-eabi/9.3.1/../../../../arm-none-eabi/lib/thumb/v7-m/nofp\libc_nano.a(lib_a-fprintf.o)
                              c:/st/stm32cubeide_1.5.0/stm32cubeide/plugins/com.st.stm32cube.ide.mcu.externaltools.gnu-tools-for-stm32.9-2020-q2-update.win32_2.0.0.202105311346/tools/bin/../lib/gcc/arm-none-eabi/9.3.1/../../../../arm-none-eabi/lib/thumb/v7-m/nofp\libc_nano.a(lib_a-assert.o) (fiprintf)
c:/st/stm32cubeide_1.5.0/stm32cubeide/plugins/com.st.stm32cube.ide.mcu.externaltools.gnu-tools-for-stm32.9-2020-q2-update.win32_2.0.0.202105311346/tools/bin/../lib/gcc/arm-none-eabi/9.3.1/../../../../arm-none-eabi/lib/thumb/v7-m/nofp\libc_nano.a(lib_a-impure.o)
                              c:/st/stm32cubeide_1.5.0/stm32cubeide/plugins/com.st.stm32cube.ide.mcu.externaltools.gnu-tools-for-stm32.9-2020-q2-update.win32_2.0.0.202105311346/tools/bin/../lib/gcc/arm-none-eabi/9.3.1/../../../../arm-none-eabi/lib/thumb/v7-m/nofp\libc_nano.a(lib_a-exit.o) (_global_impure_ptr)
c:/st/stm32cubeide_1.5.0/stm32cubeide/plugins/com.st.stm32cube.ide.mcu.externaltools.gnu-tools-for-stm32.9-2020-q2-update.win32_2.0.0.202105311346/tools/bin/../lib/gcc/arm-none-eabi/9.3.1/../../../../arm-none-eabi/lib/thumb/v7-m/nofp\libc_nano.a(lib_a-init.o)
                              c:/st/stm32cubeide_1.5.0/stm32cubeide/plugins/com.st.stm32cube.ide.mcu.externaltools.gnu-tools-for-stm32.9-2020-q2-update.win32_2.0.0.202105311346/tools/bin/../lib/gcc/arm-none-eabi/9.3.1/../../../../arm-none-eabi/lib/thumb/v7-m/nofp/crt0.o (__libc_init_array)
c:/st/stm32cubeide_1.5.0/stm32cubeide/plugins/com.st.stm32cube.ide.mcu.externaltools.gnu-tools-for-stm32.9-2020-q2-update.win32_2.0.0.202105311346/tools/bin/../lib/gcc/arm-none-eabi/9.3.1/../../../../arm-none-eabi/lib/thumb/v7-m/nofp\libc_nano.a(lib_a-malloc.o)
                              ./grbl/gcode.o (malloc)
c:/st/stm32cubeide_1.5.0/stm32cubeide/plugins/com.st.stm32cube.ide.mcu.externaltools.gnu-tools-for-stm32.9-2020-q2-update.win32_2.0.0.202105311346/tools/bin/../lib/gcc/arm-none-eabi/9.3.1/../../../../arm-none-eabi/lib/thumb/v7-m/nofp\libc_nano.a(lib_a-memcmp.o)
                              ./Src/flash.o (memcmp)
c:/st/stm32cubeide_1.5.0/stm32cubeide/plugins/com.st.stm32cube.ide.mcu.externaltools.gnu-tools-for-stm32.9-2020-q2-update.win32_2.0.0.202105311346/tools/bin/../lib/gcc/arm-none-eabi/9.3.1/../../../../arm-none-eabi/lib/thumb/v7-m/nofp\libc_nano.a(lib_a-memcpy-stub.o)
                              ./Src/flash.o (memcpy)
c:/st/stm32cubeide_1.5.0/stm32cubeide/plugins/com.st.stm32cube.ide.mcu.externaltools.gnu-tools-for-stm32.9-2020-q2-update.win32_2.0.0.202105311346/tools/bin/../lib/gcc/arm-none-eabi/9.3.1/../../../../arm-none-eabi/lib/thumb/v7-m/nofp\libc_nano.a(lib_a-memset.o)
                              c:/st/stm32cubeide_1.5.0/stm32cubeide/plugins/com.st.stm32cube.ide.mcu.externaltools.gnu-tools-for-stm32.9-2020-q2-update.win32_2.0.0.202105311346/tools/bin/../lib/gcc/arm-none-eabi/9.3.1/../../../../arm-none-eabi/lib/thumb/v7-m/nofp/crt0.o (memset)
[...]
Memory Configuration

Name             Origin             Length             Attributes
RAM              0x0000000020000000 0x000000000000c000 xrw
FLASH            0x0000000008000000 0x0000000000040000 xr
*default*        0x0000000000000000 0xffffffffffffffff

Linker script and memory map

LOAD c:/st/stm32cubeide_1.5.0/stm32cubeide/plugins/com.st.stm32cube.ide.mcu.externaltools.gnu-tools-for-stm32.9-2020-q2-update.win32_2.0.0.202105311346/tools/bin/../lib/gcc/arm-none-eabi/9.3.1/thumb/v7-m/nofp/crti.o
LOAD c:/st/stm32cubeide_1.5.0/stm32cubeide/plugins/com.st.stm32cube.ide.mcu.externaltools.gnu-tools-for-stm32.9-2020-q2-update.win32_2.0.0.202105311346/tools/bin/../lib/gcc/arm-none-eabi/9.3.1/thumb/v7-m/nofp/crtbegin.o
LOAD c:/st/stm32cubeide_1.5.0/stm32cubeide/plugins/com.st.stm32cube.ide.mcu.externaltools.gnu-tools-for-stm32.9-2020-q2-update.win32_2.0.0.202105311346/tools/bin/../lib/gcc/arm-none-eabi/9.3.1/../../../../arm-none-eabi/lib/thumb/v7-m/nofp/crt0.o
LOAD ./Drivers/STM32F1xx_HAL_Driver/Src/stm32f1xx_hal.o
LOAD ./Drivers/STM32F1xx_HAL_Driver/Src/stm32f1xx_hal_cortex.o
LOAD ./Drivers/STM32F1xx_HAL_Driver/Src/stm32f1xx_hal_dma.o
LOAD ./Drivers/STM32F1xx_HAL_Driver/Src/stm32f1xx_hal_exti.o
LOAD ./Drivers/STM32F1xx_HAL_Driver/Src/stm32f1xx_hal_flash.o
LOAD ./Drivers/STM32F1xx_HAL_Driver/Src/stm32f1xx_hal_flash_ex.o
LOAD ./Drivers/STM32F1xx_HAL_Driver/Src/stm32f1xx_hal_gpio.o
LOAD ./Drivers/STM32F1xx_HAL_Driver/Src/stm32f1xx_hal_gpio_ex.o
LOAD ./Drivers/STM32F1xx_HAL_Driver/Src/stm32f1xx_hal_i2c.o
LOAD ./Drivers/STM32F1xx_HAL_Driver/Src/stm32f1xx_hal_pcd.o
LOAD ./Drivers/STM32F1xx_HAL_Driver/Src/stm32f1xx_hal_pcd_ex.o
LOAD ./Drivers/STM32F1xx_HAL_Driver/Src/stm32f1xx_hal_pwr.o
LOAD ./Drivers/STM32F1xx_HAL_Driver/Src/stm32f1xx_hal_rcc.o
LOAD ./Drivers/STM32F1xx_HAL_Driver/Src/stm32f1xx_hal_rcc_ex.o
LOAD ./Drivers/STM32F1xx_HAL_Driver/Src/stm32f1xx_hal_spi.o
LOAD ./Drivers/STM32F1xx_HAL_Driver/Src/stm32f1xx_hal_tim.o
LOAD ./Drivers/STM32F1xx_HAL_Driver/Src/stm32f1xx_hal_tim_ex.o
LOAD ./Drivers/STM32F1xx_HAL_Driver/Src/stm32f1xx_hal_uart.o
LOAD ./Drivers/STM32F1xx_HAL_Driver/Src/stm32f1xx_ll_usb.o
LOAD ./FatFs/ff.o
LOAD ./FatFs/ffsystem.o
LOAD ./FatFs/ffunicode.o
LOAD ./Middlewares/ST/STM32_USB_Device_Library/Class/CDC/Src/usbd_cdc.o
LOAD ./Middlewares/ST/STM32_USB_Device_Library/Core/Src/usbd_core.o
LOAD ./Middlewares/ST/STM32_USB_Device_Library/Core/Src/usbd_ctlreq.o
LOAD ./Middlewares/ST/STM32_USB_Device_Library/Core/Src/usbd_ioreq.o
LOAD ./Src/btt_skr_mini_e3_2.0.o
LOAD ./Src/diskio.o
LOAD ./Src/driver.o
LOAD ./Src/flash.o
LOAD ./Src/i2c.o
LOAD ./Src/main.o
LOAD ./Src/serial.o
LOAD ./Src/stm32f1xx_hal_msp.o
LOAD ./Src/stm32f1xx_it.o
LOAD ./Src/syscalls.o
LOAD ./Src/sysmem.o
LOAD ./Src/system_stm32f1xx.o
LOAD ./Src/usb_serial.o
LOAD ./StartupRC/startup_stm32f103rctx.o
LOAD ./USB_DEVICE/App/usb_device.o
LOAD ./USB_DEVICE/App/usbd_cdc_if.o
LOAD ./USB_DEVICE/App/usbd_desc.o
LOAD ./USB_DEVICE/Target/usbd_conf.o
LOAD ./eeprom/eeprom_24AAxxx.o
LOAD ./eeprom/eeprom_24LC16B.o
LOAD ./grbl/coolant_control.o
LOAD ./grbl/corexy.o
LOAD ./grbl/gcode.o
LOAD ./grbl/grbllib.o
LOAD ./grbl/limits.o
LOAD ./grbl/maslow.o
LOAD ./grbl/motion_control.o
LOAD ./grbl/my_plugin.o
LOAD ./grbl/nuts_bolts.o
LOAD ./grbl/nvs_buffer.o
LOAD ./grbl/override.o
LOAD ./grbl/pid.o
LOAD ./grbl/planner.o
LOAD ./grbl/protocol.o
LOAD ./grbl/report.o
LOAD ./grbl/settings.o
LOAD ./grbl/sleep.o
LOAD ./grbl/spindle_control.o
LOAD ./grbl/state_machine.o
LOAD ./grbl/stepper.o
LOAD ./grbl/stream.o
LOAD ./grbl/system.o
LOAD ./grbl/tool_change.o
LOAD ./grbl/wall_plotter.o
LOAD ./keypad/keypad.o
LOAD ./motors/trinamic.o
LOAD ./odometer/odometer.o
LOAD ./sdcard/sdcard.o
LOAD ./sdcard/ymodem.o
LOAD ./trinamic/common.o
LOAD ./trinamic/tmc2130.o
LOAD ./trinamic/tmc2130hal.o
LOAD ./trinamic/tmc2209.o
LOAD ./trinamic/tmc2209hal.o
LOAD ./trinamic/tmc26x.o
LOAD ./trinamic/tmc5160.o
LOAD ./trinamic/tmc5160hal.o
LOAD ./trinamic/tmc_interface.o
START GROUP
LOAD c:/st/stm32cubeide_1.5.0/stm32cubeide/plugins/com.st.stm32cube.ide.mcu.externaltools.gnu-tools-for-stm32.9-2020-q2-update.win32_2.0.0.202105311346/tools/bin/../lib/gcc/arm-none-eabi/9.3.1/../../../../arm-none-eabi/lib/thumb/v7-m/nofp\libc_nano.a
LOAD c:/st/stm32cubeide_1.5.0/stm32cubeide/plugins/com.st.stm32cube.ide.mcu.externaltools.gnu-tools-for-stm32.9-2020-q2-update.win32_2.0.0.202105311346/tools/bin/../lib/gcc/arm-none-eabi/9.3.1/../../../../arm-none-eabi/lib/thumb/v7-m/nofp\libm.a
END GROUP
START GROUP
LOAD c:/st/stm32cubeide_1.5.0/stm32cubeide/plugins/com.st.stm32cube.ide.mcu.externaltools.gnu-tools-for-stm32.9-2020-q2-update.win32_2.0.0.202105311346/tools/bin/../lib/gcc/arm-none-eabi/9.3.1/thumb/v7-m/nofp\libgcc.a
LOAD c:/st/stm32cubeide_1.5.0/stm32cubeide/plugins/com.st.stm32cube.ide.mcu.externaltools.gnu-tools-for-stm32.9-2020-q2-update.win32_2.0.0.202105311346/tools/bin/../lib/gcc/arm-none-eabi/9.3.1/../../../../arm-none-eabi/lib/thumb/v7-m/nofp\libc_nano.a
END GROUP
START GROUP
LOAD c:/st/stm32cubeide_1.5.0/stm32cubeide/plugins/com.st.stm32cube.ide.mcu.externaltools.gnu-tools-for-stm32.9-2020-q2-update.win32_2.0.0.202105311346/tools/bin/../lib/gcc/arm-none-eabi/9.3.1/thumb/v7-m/nofp\libgcc.a
LOAD c:/st/stm32cubeide_1.5.0/stm32cubeide/plugins/com.st.stm32cube.ide.mcu.externaltools.gnu-tools-for-stm32.9-2020-q2-update.win32_2.0.0.202105311346/tools/bin/../lib/gcc/arm-none-eabi/9.3.1/../../../../arm-none-eabi/lib/thumb/v7-m/nofp\libc_nano.a
LOAD c:/st/stm32cubeide_1.5.0/stm32cubeide/plugins/com.st.stm32cube.ide.mcu.externaltools.gnu-tools-for-stm32.9-2020-q2-update.win32_2.0.0.202105311346/tools/bin/../lib/gcc/arm-none-eabi/9.3.1/../../../../arm-none-eabi/lib/thumb/v7-m/nofp\libnosys.a
END GROUP
START GROUP
LOAD c:/st/stm32cubeide_1.5.0/stm32cubeide/plugins/com.st.stm32cube.ide.mcu.externaltools.gnu-tools-for-stm32.9-2020-q2-update.win32_2.0.0.202105311346/tools/bin/../lib/gcc/arm-none-eabi/9.3.1/thumb/v7-m/nofp\libgcc.a
LOAD c:/st/stm32cubeide_1.5.0/stm32cubeide/plugins/com.st.stm32cube.ide.mcu.externaltools.gnu-tools-for-stm32.9-2020-q2-update.win32_2.0.0.202105311346/tools/bin/../lib/gcc/arm-none-eabi/9.3.1/../../../../arm-none-eabi/lib/thumb/v7-m/nofp\libc_nano.a
LOAD c:/st/stm32cubeide_1.5.0/stm32cubeide/plugins/com.st.stm32cube.ide.mcu.externaltools.gnu-tools-for-stm32.9-2020-q2-update.win32_2.0.0.202105311346/tools/bin/../lib/gcc/arm-none-eabi/9.3.1/../../../../arm-none-eabi/lib/thumb/v7-m/nofp\libnosys.a
END GROUP
LOAD c:/st/stm32cubeide_1.5.0/stm32cubeide/plugins/com.st.stm32cube.ide.mcu.externaltools.gnu-tools-for-stm32.9-2020-q2-update.win32_2.0.0.202105311346/tools/bin/../lib/gcc/arm-none-eabi/9.3.1/thumb/v7-m/nofp/crtend.o
LOAD c:/st/stm32cubeide_1.5.0/stm32cubeide/plugins/com.st.stm32cube.ide.mcu.externaltools.gnu-tools-for-stm32.9-2020-q2-update.win32_2.0.0.202105311346/tools/bin/../lib/gcc/arm-none-eabi/9.3.1/thumb/v7-m/nofp/crtn.o
                0x000000002000c000                _estack = (ORIGIN (RAM) + LENGTH (RAM))
                0x0000000000002000                _Min_Heap_Size = 0x2000
                0x0000000000000400                _Min_Stack_Size = 0x400

.isr_vector     0x0000000008000000      0x1e4
                0x0000000008000000                . = ALIGN (0x4)
 *(.isr_vector)
 .isr_vector    0x0000000008000000      0x1e4 ./StartupRC/startup_stm32f103rctx.o
                0x0000000008000000                g_pfnVectors
                0x00000000080001e4                . = ALIGN (0x4)

.text           0x00000000080001e8    0x1d4ac
                0x00000000080001e8                . = ALIGN (0x4)
 *(.text)
 .text          0x00000000080001e8       0x40 c:/st/stm32cubeide_1.5.0/stm32cubeide/plugins/com.st.stm32cube.ide.mcu.externaltools.gnu-tools-for-stm32.9-2020-q2-update.win32_2.0.0.202105311346/tools/bin/../lib/gcc/arm-none-eabi/9.3.1/thumb/v7-m/nofp/crtbegin.o
 .text          0x0000000008000228       0x14 c:/st/stm32cubeide_1.5.0/stm32cubeide/plugins/com.st.stm32cube.ide.mcu.externaltools.gnu-tools-for-stm32.9-2020-q2-update.win32_2.0.0.202105311346/tools/bin/../lib/gcc/arm-none-eabi/9.3.1/../../../../arm-none-eabi/lib/thumb/v7-m/nofp\libc_nano.a(lib_a-strcmp.o)
                0x0000000008000228                strcmp
 .text          0x000000000800023c       0x10 c:/st/stm32cubeide_1.5.0/stm32cubeide/plugins/com.st.stm32cube.ide.mcu.externaltools.gnu-tools-for-stm32.9-2020-q2-update.win32_2.0.0.202105311346/tools/bin/../lib/gcc/arm-none-eabi/9.3.1/../../../../arm-none-eabi/lib/thumb/v7-m/nofp\libc_nano.a(lib_a-strlen.o)
                0x000000000800023c                strlen
 .text          0x000000000800024c      0x378 c:/st/stm32cubeide_1.5.0/stm32cubeide/plugins/com.st.stm32cube.ide.mcu.externaltools.gnu-tools-for-stm32.9-2020-q2-update.win32_2.0.0.202105311346/tools/bin/../lib/gcc/arm-none-eabi/9.3.1/thumb/v7-m/nofp\libgcc.a(_arm_addsubdf3.o)
                0x000000000800024c                __aeabi_drsub
                0x0000000008000254                __aeabi_dsub
                0x0000000008000254                __subdf3
                0x0000000008000258                __aeabi_dadd
                0x0000000008000258                __adddf3
                0x00000000080004d0                __floatunsidf
                0x00000000080004d0                __aeabi_ui2d
                0x00000000080004f0                __floatsidf
                0x00000000080004f0                __aeabi_i2d
                0x0000000008000514                __aeabi_f2d
                0x0000000008000514                __extendsfdf2
                0x0000000008000558                __floatundidf
                0x0000000008000558                __aeabi_ul2d
                0x0000000008000568                __floatdidf
                0x0000000008000568                __aeabi_l2d
 .text          0x00000000080005c4       0xa0 c:/st/stm32cubeide_1.5.0/stm32cubeide/plugins/com.st.stm32cube.ide.mcu.externaltools.gnu-tools-for-stm32.9-2020-q2-update.win32_2.0.0.202105311346/tools/bin/../lib/gcc/arm-none-eabi/9.3.1/thumb/v7-m/nofp\libgcc.a(_arm_truncdfsf2.o)
                0x00000000080005c4                __truncdfsf2
                0x00000000080005c4                __aeabi_d2f
 .text          0x0000000008000664      0x21c c:/st/stm32cubeide_1.5.0/stm32cubeide/plugins/com.st.stm32cube.ide.mcu.externaltools.gnu-tools-for-stm32.9-2020-q2-update.win32_2.0.0.202105311346/tools/bin/../lib/gcc/arm-none-eabi/9.3.1/thumb/v7-m/nofp\libgcc.a(_arm_addsubsf3.o)
                0x0000000008000664                __aeabi_frsub
                0x000000000800066c                __subsf3
                0x000000000800066c                __aeabi_fsub
                0x0000000008000670                __aeabi_fadd
                0x0000000008000670                __addsf3
                0x00000000080007d0                __aeabi_ui2f
                0x00000000080007d0                __floatunsisf
                0x00000000080007d8                __aeabi_i2f
                0x00000000080007d8                __floatsisf
                0x00000000080007f4                __aeabi_ul2f
                0x00000000080007f4                __floatundisf
                0x0000000008000804                __aeabi_l2f
                0x0000000008000804                __floatdisf
 .text          0x0000000008000880      0x2a0 c:/st/stm32cubeide_1.5.0/stm32cubeide/plugins/com.st.stm32cube.ide.mcu.externaltools.gnu-tools-for-stm32.9-2020-q2-update.win32_2.0.0.202105311346/tools/bin/../lib/gcc/arm-none-eabi/9.3.1/thumb/v7-m/nofp\libgcc.a(_arm_muldivsf3.o)
                0x0000000008000880                __mulsf3
                0x0000000008000880                __aeabi_fmul
                0x00000000080009e8                __aeabi_fdiv
                0x00000000080009e8                __divsf3
 .text          0x0000000008000b20       0xec c:/st/stm32cubeide_1.5.0/stm32cubeide/plugins/com.st.stm32cube.ide.mcu.externaltools.gnu-tools-for-stm32.9-2020-q2-update.win32_2.0.0.202105311346/tools/bin/../lib/gcc/arm-none-eabi/9.3.1/thumb/v7-m/nofp\libgcc.a(_arm_cmpsf2.o)
                0x0000000008000b20                __gesf2
                0x0000000008000b20                __gtsf2
                0x0000000008000b28                __lesf2
                0x0000000008000b28                __ltsf2
                0x0000000008000b30                __nesf2
                0x0000000008000b30                __eqsf2
                0x0000000008000b30                __cmpsf2
                0x0000000008000b90                __aeabi_cfrcmple
                0x0000000008000b98                __aeabi_cfcmpeq
                0x0000000008000b98                __aeabi_cfcmple
                0x0000000008000ba8                __aeabi_fcmpeq
                0x0000000008000bbc                __aeabi_fcmplt
                0x0000000008000bd0                __aeabi_fcmple
                0x0000000008000be4                __aeabi_fcmpge
                0x0000000008000bf8                __aeabi_fcmpgt
 .text          0x0000000008000c0c       0x2c c:/st/stm32cubeide_1.5.0/stm32cubeide/plugins/com.st.stm32cube.ide.mcu.externaltools.gnu-tools-for-stm32.9-2020-q2-update.win32_2.0.0.202105311346/tools/bin/../lib/gcc/arm-none-eabi/9.3.1/thumb/v7-m/nofp\libgcc.a(_arm_unordsf2.o)
                0x0000000008000c0c                __unordsf2
                0x0000000008000c0c                __aeabi_fcmpun
 .text          0x0000000008000c38       0x4c c:/st/stm32cubeide_1.5.0/stm32cubeide/plugins/com.st.stm32cube.ide.mcu.externaltools.gnu-tools-for-stm32.9-2020-q2-update.win32_2.0.0.202105311346/tools/bin/../lib/gcc/arm-none-eabi/9.3.1/thumb/v7-m/nofp\libgcc.a(_arm_fixsfsi.o)
                0x0000000008000c38                __aeabi_f2iz
                0x0000000008000c38                __fixsfsi
 .text          0x0000000008000c84       0x40 c:/st/stm32cubeide_1.5.0/stm32cubeide/plugins/com.st.stm32cube.ide.mcu.externaltools.gnu-tools-for-stm32.9-2020-q2-update.win32_2.0.0.202105311346/tools/bin/../lib/gcc/arm-none-eabi/9.3.1/thumb/v7-m/nofp\libgcc.a(_arm_fixunssfsi.o)
                0x0000000008000c84                __fixunssfsi
                0x0000000008000c84                __aeabi_f2uiz
 *(.text*)
 .text.HAL_InitTick
                0x0000000008000cc4       0x48 ./Drivers/STM32F1xx_HAL_Driver/Src/stm32f1xx_hal.o
                0x0000000008000cc4                HAL_InitTick
 .text.HAL_Init
                0x0000000008000d0c       0x24 ./Drivers/STM32F1xx_HAL_Driver/Src/stm32f1xx_hal.o
                0x0000000008000d0c                HAL_Init
 .text.HAL_GetTick
                0x0000000008000d30        0xc ./Drivers/STM32F1xx_HAL_Driver/Src/stm32f1xx_hal.o
                0x0000000008000d30                HAL_GetTick
 .text.HAL_NVIC_SetPriorityGrouping
                0x0000000008000d3c       0x24 ./Drivers/STM32F1xx_HAL_Driver/Src/stm32f1xx_hal_cortex.o
                0x0000000008000d3c                HAL_NVIC_SetPriorityGrouping
 .text.HAL_NVIC_SetPriority
                0x0000000008000d60       0x70 ./Drivers/STM32F1xx_HAL_Driver/Src/stm32f1xx_hal_cortex.o
                0x0000000008000d60                HAL_NVIC_SetPriority
 .text.HAL_NVIC_EnableIRQ
                0x0000000008000dd0       0x1c ./Drivers/STM32F1xx_HAL_Driver/Src/stm32f1xx_hal_cortex.o
                0x0000000008000dd0                HAL_NVIC_EnableIRQ
 .text.HAL_NVIC_DisableIRQ
                0x0000000008000dec       0x24 ./Drivers/STM32F1xx_HAL_Driver/Src/stm32f1xx_hal_cortex.o
                0x0000000008000dec                HAL_NVIC_DisableIRQ
 .text.HAL_SYSTICK_Config
                0x0000000008000e10       0x30 ./Drivers/STM32F1xx_HAL_Driver/Src/stm32f1xx_hal_cortex.o
                0x0000000008000e10                HAL_SYSTICK_Config
 .text.HAL_DMA_Abort_IT
                0x0000000008000e40       0x94 ./Drivers/STM32F1xx_HAL_Driver/Src/stm32f1xx_hal_dma.o
                0x0000000008000e40                HAL_DMA_Abort_IT
 .text.HAL_DMA_GetState
                0x0000000008000ed4        0x8 ./Drivers/STM32F1xx_HAL_Driver/Src/stm32f1xx_hal_dma.o
                0x0000000008000ed4                HAL_DMA_GetState
 .text.HAL_GPIO_Init
                0x0000000008000edc      0x220 ./Drivers/STM32F1xx_HAL_Driver/Src/stm32f1xx_hal_gpio.o
                0x0000000008000edc                HAL_GPIO_Init
 .text.I2C_WaitOnMasterAddressFlagUntilTimeout
                0x00000000080010fc       0x94 ./Drivers/STM32F1xx_HAL_Driver/Src/stm32f1xx_hal_i2c.o
 .text.I2C_WaitOnTXEFlagUntilTimeout
                0x0000000008001190       0x78 ./Drivers/STM32F1xx_HAL_Driver/Src/stm32f1xx_hal_i2c.o
 .text.I2C_WaitOnRXNEFlagUntilTimeout
                0x0000000008001208       0x68 ./Drivers/STM32F1xx_HAL_Driver/Src/stm32f1xx_hal_i2c.o
 .text.I2C_WaitOnFlagUntilTimeout
                0x0000000008001270       0x70 ./Drivers/STM32F1xx_HAL_Driver/Src/stm32f1xx_hal_i2c.o
 .text.I2C_RequestMemoryWrite
                0x00000000080012e0       0xcc ./Drivers/STM32F1xx_HAL_Driver/Src/stm32f1xx_hal_i2c.o
 .text.I2C_RequestMemoryRead
                0x00000000080013ac      0x110 ./Drivers/STM32F1xx_HAL_Driver/Src/stm32f1xx_hal_i2c.o
 .text.I2C_WaitOnBTFFlagUntilTimeout
                0x00000000080014bc       0x78 ./Drivers/STM32F1xx_HAL_Driver/Src/stm32f1xx_hal_i2c.o
 .text.HAL_I2C_MspInit
                0x0000000008001534        0x4 ./Drivers/STM32F1xx_HAL_Driver/Src/stm32f1xx_hal_i2c.o
                0x0000000008001534                HAL_I2C_MspInit
 .text.HAL_I2C_Init
                0x0000000008001538      0x188 ./Drivers/STM32F1xx_HAL_Driver/Src/stm32f1xx_hal_i2c.o
                0x0000000008001538                HAL_I2C_Init
 .text.HAL_I2C_Mem_Write
                0x00000000080016c0      0x144 ./Drivers/STM32F1xx_HAL_Driver/Src/stm32f1xx_hal_i2c.o
                0x00000000080016c0                HAL_I2C_Mem_Write
 .text.HAL_I2C_Mem_Read
                0x0000000008001804      0x2f0 ./Drivers/STM32F1xx_HAL_Driver/Src/stm32f1xx_hal_i2c.o
                0x0000000008001804                HAL_I2C_Mem_Read
 .text.HAL_I2C_MasterTxCpltCallback
                0x0000000008001af4        0x4 ./Drivers/STM32F1xx_HAL_Driver/Src/stm32f1xx_hal_i2c.o
                0x0000000008001af4                HAL_I2C_MasterTxCpltCallback
 .text.HAL_I2C_MasterRxCpltCallback
                0x0000000008001af8        0x4 ./Drivers/STM32F1xx_HAL_Driver/Src/stm32f1xx_hal_i2c.o
                0x0000000008001af8                HAL_I2C_MasterRxCpltCallback
 .text.HAL_I2C_SlaveTxCpltCallback
                0x0000000008001afc        0x4 ./Drivers/STM32F1xx_HAL_Driver/Src/stm32f1xx_hal_i2c.o
                0x0000000008001afc                HAL_I2C_SlaveTxCpltCallback
 .text.HAL_I2C_SlaveRxCpltCallback
                0x0000000008001b00        0x4 ./Drivers/STM32F1xx_HAL_Driver/Src/stm32f1xx_hal_i2c.o
                0x0000000008001b00                HAL_I2C_SlaveRxCpltCallback
 .text.HAL_I2C_AddrCallback
                0x0000000008001b04        0x4 ./Drivers/STM32F1xx_HAL_Driver/Src/stm32f1xx_hal_i2c.o
                0x0000000008001b04                HAL_I2C_AddrCallback
 .text.HAL_I2C_ListenCpltCallback
                0x0000000008001b08        0x4 ./Drivers/STM32F1xx_HAL_Driver/Src/stm32f1xx_hal_i2c.o
                0x0000000008001b08                HAL_I2C_ListenCpltCallback
 .text.HAL_I2C_MemTxCpltCallback
                0x0000000008001b0c        0x4 ./Drivers/STM32F1xx_HAL_Driver/Src/stm32f1xx_hal_i2c.o
                0x0000000008001b0c                HAL_I2C_MemTxCpltCallback
 .text.I2C_MemoryTransmit_TXE_BTF
                0x0000000008001b10       0xb8 ./Drivers/STM32F1xx_HAL_Driver/Src/stm32f1xx_hal_i2c.o
 .text.HAL_I2C_MemRxCpltCallback
                0x0000000008001bc8        0x4 ./Drivers/STM32F1xx_HAL_Driver/Src/stm32f1xx_hal_i2c.o
                0x0000000008001bc8                HAL_I2C_MemRxCpltCallback
 .text.HAL_I2C_ErrorCallback
                0x0000000008001bcc        0x4 ./Drivers/STM32F1xx_HAL_Driver/Src/stm32f1xx_hal_i2c.o
                0x0000000008001bcc                HAL_I2C_ErrorCallback
 .text.HAL_I2C_AbortCpltCallback
                0x0000000008001bd0        0x4 ./Drivers/STM32F1xx_HAL_Driver/Src/stm32f1xx_hal_i2c.o
                0x0000000008001bd0                HAL_I2C_AbortCpltCallback
 .text.I2C_DMAAbort
                0x0000000008001bd4       0xf4 ./Drivers/STM32F1xx_HAL_Driver/Src/stm32f1xx_hal_i2c.o
 .text.I2C_ITError
                0x0000000008001cc8      0x16c ./Drivers/STM32F1xx_HAL_Driver/Src/stm32f1xx_hal_i2c.o
 .text.HAL_I2C_EV_IRQHandler
                0x0000000008001e34      0x974 ./Drivers/STM32F1xx_HAL_Driver/Src/stm32f1xx_hal_i2c.o
                0x0000000008001e34                HAL_I2C_EV_IRQHandler
 .text.HAL_I2C_ER_IRQHandler
                0x00000000080027a8      0x188 ./Drivers/STM32F1xx_HAL_Driver/Src/stm32f1xx_hal_i2c.o
                0x00000000080027a8                HAL_I2C_ER_IRQHandler
 .text.HAL_I2C_GetState
                0x0000000008002930        0x8 ./Drivers/STM32F1xx_HAL_Driver/Src/stm32f1xx_hal_i2c.o
                0x0000000008002930                HAL_I2C_GetState
 .text.HAL_PCD_IRQHandler
                0x0000000008002938      0xb98 ./Drivers/STM32F1xx_HAL_Driver/Src/stm32f1xx_hal_pcd.o
                0x0000000008002938                HAL_PCD_IRQHandler
 .text.HAL_PCD_SetAddress
                0x00000000080034d0       0x28 ./Drivers/STM32F1xx_HAL_Driver/Src/stm32f1xx_hal_pcd.o
                0x00000000080034d0                HAL_PCD_SetAddress
 .text.HAL_PCD_EP_Open
                0x00000000080034f8       0x68 ./Drivers/STM32F1xx_HAL_Driver/Src/stm32f1xx_hal_pcd.o
                0x00000000080034f8                HAL_PCD_EP_Open
 .text.HAL_PCD_EP_Receive
                0x0000000008003560       0x30 ./Drivers/STM32F1xx_HAL_Driver/Src/stm32f1xx_hal_pcd.o
                0x0000000008003560                HAL_PCD_EP_Receive
 .text.HAL_PCD_EP_Transmit
                0x0000000008003590       0x3c ./Drivers/STM32F1xx_HAL_Driver/Src/stm32f1xx_hal_pcd.o
                0x0000000008003590                HAL_PCD_EP_Transmit
 .text.HAL_PCD_EP_SetStall
                0x00000000080035cc       0x78 ./Drivers/STM32F1xx_HAL_Driver/Src/stm32f1xx_hal_pcd.o
                0x00000000080035cc                HAL_PCD_EP_SetStall
 .text.HAL_PCD_EP_ClrStall
                0x0000000008003644       0x74 ./Drivers/STM32F1xx_HAL_Driver/Src/stm32f1xx_hal_pcd.o
                0x0000000008003644                HAL_PCD_EP_ClrStall
 .text.HAL_RCC_OscConfig
                0x00000000080036b8      0x400 ./Drivers/STM32F1xx_HAL_Driver/Src/stm32f1xx_hal_rcc.o
                0x00000000080036b8                HAL_RCC_OscConfig
 .text.HAL_RCC_GetSysClockFreq
                0x0000000008003ab8       0x6c ./Drivers/STM32F1xx_HAL_Driver/Src/stm32f1xx_hal_rcc.o
                0x0000000008003ab8                HAL_RCC_GetSysClockFreq
 .text.HAL_RCC_ClockConfig
                0x0000000008003b24      0x140 ./Drivers/STM32F1xx_HAL_Driver/Src/stm32f1xx_hal_rcc.o
                0x0000000008003b24                HAL_RCC_ClockConfig
 .text.HAL_RCC_GetPCLK1Freq
                0x0000000008003c64       0x20 ./Drivers/STM32F1xx_HAL_Driver/Src/stm32f1xx_hal_rcc.o
                0x0000000008003c64                HAL_RCC_GetPCLK1Freq
 .text.HAL_RCC_GetPCLK2Freq
                0x0000000008003c84       0x20 ./Drivers/STM32F1xx_HAL_Driver/Src/stm32f1xx_hal_rcc.o
                0x0000000008003c84                HAL_RCC_GetPCLK2Freq
 .text.HAL_RCCEx_PeriphCLKConfig
                0x0000000008003ca4      0x100 ./Drivers/STM32F1xx_HAL_Driver/Src/stm32f1xx_hal_rcc_ex.o
                0x0000000008003ca4                HAL_RCCEx_PeriphCLKConfig
 .text.HAL_SPI_Init
                0x0000000008003da4       0xb4 ./Drivers/STM32F1xx_HAL_Driver/Src/stm32f1xx_hal_spi.o
                0x0000000008003da4                HAL_SPI_Init
 .text.TIM_Base_SetConfig
                0x0000000008003e58       0x7c ./Drivers/STM32F1xx_HAL_Driver/Src/stm32f1xx_hal_tim.o
                0x0000000008003e58                TIM_Base_SetConfig
 .text.USB_ActivateEndpoint
                0x0000000008003ed4      0x304 ./Drivers/STM32F1xx_HAL_Driver/Src/stm32f1xx_ll_usb.o
                0x0000000008003ed4                USB_ActivateEndpoint
 .text.USB_EPStartXfer
                0x00000000080041d8      0xa08 ./Drivers/STM32F1xx_HAL_Driver/Src/stm32f1xx_ll_usb.o
                0x00000000080041d8                USB_EPStartXfer
 .text.USB_EPSetStall
                0x0000000008004be0       0x50 ./Drivers/STM32F1xx_HAL_Driver/Src/stm32f1xx_ll_usb.o
                0x0000000008004be0                USB_EPSetStall
 .text.USB_EPClearStall
                0x0000000008004c30       0xb0 ./Drivers/STM32F1xx_HAL_Driver/Src/stm32f1xx_ll_usb.o
                0x0000000008004c30                USB_EPClearStall
 .text.USB_SetDevAddress
                0x0000000008004ce0        0xc ./Drivers/STM32F1xx_HAL_Driver/Src/stm32f1xx_ll_usb.o
                0x0000000008004ce0                USB_SetDevAddress
 .text.USB_ReadInterrupts
                0x0000000008004cec        0x8 ./Drivers/STM32F1xx_HAL_Driver/Src/stm32f1xx_ll_usb.o
                0x0000000008004cec                USB_ReadInterrupts
 .text.USB_EP0_OutStart
                0x0000000008004cf4        0x4 ./Drivers/STM32F1xx_HAL_Driver/Src/stm32f1xx_ll_usb.o
                0x0000000008004cf4                USB_EP0_OutStart
 .text.USB_WritePMA
                0x0000000008004cf8       0x20 ./Drivers/STM32F1xx_HAL_Driver/Src/stm32f1xx_ll_usb.o
                0x0000000008004cf8                USB_WritePMA
 .text.USB_ReadPMA
                0x0000000008004d18       0x48 ./Drivers/STM32F1xx_HAL_Driver/Src/stm32f1xx_ll_usb.o
                0x0000000008004d18                USB_ReadPMA
 .text.get_ldnumber
                0x0000000008004d60       0x38 ./FatFs/ff.o
 .text.validate
                0x0000000008004d98       0x30 ./FatFs/ff.o
 .text.move_window.part.0
                0x0000000008004dc8       0x28 ./FatFs/ff.o
 .text.check_fs
                0x0000000008004df0       0x98 ./FatFs/ff.o
 .text.find_volume.isra.0
                0x0000000008004e88      0x268 ./FatFs/ff.o
 .text.get_fat.isra.0
                0x00000000080050f0       0xe8 ./FatFs/ff.o
 .text.dir_sdi  0x00000000080051d8       0x8c ./FatFs/ff.o
 .text.dir_next.isra.0
                0x0000000008005264       0x88 ./FatFs/ff.o
 .text.follow_path
                0x00000000080052ec      0x598 ./FatFs/ff.o
 .text.get_fileinfo
                0x0000000008005884      0x170 ./FatFs/ff.o
 .text.dir_read.constprop.0
                0x00000000080059f4      0x12c ./FatFs/ff.o
 .text.f_mount  0x0000000008005b20       0x4c ./FatFs/ff.o
                0x0000000008005b20                f_mount
 .text.f_open   0x0000000008005b6c       0x9c ./FatFs/ff.o
                0x0000000008005b6c                f_open
 .text.f_read   0x0000000008005c08      0x148 ./FatFs/ff.o
                0x0000000008005c08                f_read
 .text.f_close  0x0000000008005d50       0x14 ./FatFs/ff.o
                0x0000000008005d50                f_close
 .text.f_lseek  0x0000000008005d64       0xf0 ./FatFs/ff.o
                0x0000000008005d64                f_lseek
 .text.f_opendir
                0x0000000008005e54       0x84 ./FatFs/ff.o
                0x0000000008005e54                f_opendir
 .text.f_closedir
                0x0000000008005ed8       0x14 ./FatFs/ff.o
                0x0000000008005ed8                f_closedir
 .text.f_readdir
                0x0000000008005eec       0x44 ./FatFs/ff.o
                0x0000000008005eec                f_readdir
 .text.ff_uni2oem
                0x0000000008005f30       0x48 ./FatFs/ffunicode.o
                0x0000000008005f30                ff_uni2oem
 .text.ff_oem2uni
                0x0000000008005f78       0x28 ./FatFs/ffunicode.o
                0x0000000008005f78                ff_oem2uni
 .text.ff_wtoupper
                0x0000000008005fa0       0xb4 ./FatFs/ffunicode.o
                0x0000000008005fa0                ff_wtoupper
 .text.USBD_SetClassConfig
                0x0000000008006054       0x14 ./Middlewares/ST/STM32_USB_Device_Library/Core/Src/usbd_core.o
                0x0000000008006054                USBD_SetClassConfig
 .text.USBD_ClrClassConfig
                0x0000000008006068       0x10 ./Middlewares/ST/STM32_USB_Device_Library/Core/Src/usbd_core.o
                0x0000000008006068                USBD_ClrClassConfig
 .text.USBD_LL_SetupStage
                0x0000000008006078       0x5c ./Middlewares/ST/STM32_USB_Device_Library/Core/Src/usbd_core.o
                0x0000000008006078                USBD_LL_SetupStage
 .text.USBD_LL_DataOutStage
                0x00000000080060d4       0x7c ./Middlewares/ST/STM32_USB_Device_Library/Core/Src/usbd_core.o
                0x00000000080060d4                USBD_LL_DataOutStage
 .text.USBD_LL_DataInStage
                0x0000000008006150       0xc0 ./Middlewares/ST/STM32_USB_Device_Library/Core/Src/usbd_core.o
                0x0000000008006150                USBD_LL_DataInStage
 .text.USBD_LL_Reset
                0x0000000008006210       0x50 ./Middlewares/ST/STM32_USB_Device_Library/Core/Src/usbd_core.o
                0x0000000008006210                USBD_LL_Reset
 .text.USBD_LL_SetSpeed
                0x0000000008006260        0x8 ./Middlewares/ST/STM32_USB_Device_Library/Core/Src/usbd_core.o
                0x0000000008006260                USBD_LL_SetSpeed
 .text.USBD_LL_Suspend
                0x0000000008006268       0x14 ./Middlewares/ST/STM32_USB_Device_Library/Core/Src/usbd_core.o
                0x0000000008006268                USBD_LL_Suspend
 .text.USBD_LL_Resume
                0x000000000800627c       0x14 ./Middlewares/ST/STM32_USB_Device_Library/Core/Src/usbd_core.o
                0x000000000800627c                USBD_LL_Resume
 .text.USBD_LL_SOF
                0x0000000008006290       0x1c ./Middlewares/ST/STM32_USB_Device_Library/Core/Src/usbd_core.o
                0x0000000008006290                USBD_LL_SOF
 .text.USBD_StdDevReq
                0x00000000080062ac      0x2f4 ./Middlewares/ST/STM32_USB_Device_Library/Core/Src/usbd_ctlreq.o
                0x00000000080062ac                USBD_StdDevReq
 .text.USBD_StdItfReq
                0x00000000080065a0       0x68 ./Middlewares/ST/STM32_USB_Device_Library/Core/Src/usbd_ctlreq.o
                0x00000000080065a0                USBD_StdItfReq
 .text.USBD_StdEPReq
                0x0000000008006608      0x130 ./Middlewares/ST/STM32_USB_Device_Library/Core/Src/usbd_ctlreq.o
                0x0000000008006608                USBD_StdEPReq
 .text.USBD_ParseSetupRequest
                0x0000000008006738       0x28 ./Middlewares/ST/STM32_USB_Device_Library/Core/Src/usbd_ctlreq.o
                0x0000000008006738                USBD_ParseSetupRequest
 .text.USBD_CtlSendData
                0x0000000008006760       0x1c ./Middlewares/ST/STM32_USB_Device_Library/Core/Src/usbd_ioreq.o
                0x0000000008006760                USBD_CtlSendData
 .text.USBD_CtlContinueSendData
                0x000000000800677c       0x14 ./Middlewares/ST/STM32_USB_Device_Library/Core/Src/usbd_ioreq.o
                0x000000000800677c                USBD_CtlContinueSendData
 .text.USBD_CtlContinueRx
                0x0000000008006790       0x14 ./Middlewares/ST/STM32_USB_Device_Library/Core/Src/usbd_ioreq.o
                0x0000000008006790                USBD_CtlContinueRx
 .text.USBD_CtlSendStatus
                0x00000000080067a4       0x18 ./Middlewares/ST/STM32_USB_Device_Library/Core/Src/usbd_ioreq.o
                0x00000000080067a4                USBD_CtlSendStatus
 .text.USBD_CtlReceiveStatus
                0x00000000080067bc       0x18 ./Middlewares/ST/STM32_USB_Device_Library/Core/Src/usbd_ioreq.o
                0x00000000080067bc                USBD_CtlReceiveStatus
 .text.tmc_uart_read
                0x00000000080067d4       0xb8 ./Src/btt_skr_mini_e3_2.0.o
                0x00000000080067d4                tmc_uart_read
 .text.tmc_uart_write
                0x000000000800688c       0x24 ./Src/btt_skr_mini_e3_2.0.o
                0x000000000800688c                tmc_uart_write
 .text.board_init
                0x00000000080068b0       0x3c ./Src/btt_skr_mini_e3_2.0.o
                0x00000000080068b0                board_init
 .text.wait_ready
                0x00000000080068ec       0x3c ./Src/diskio.o
 .text.rcvr_datablock
                0x0000000008006928       0x88 ./Src/diskio.o
 .text.send_cmd.part.0
                0x00000000080069b0       0xe0 ./Src/diskio.o
 .text.send_initial_clock_train
                0x0000000008006a90       0x3c ./Src/diskio.o
                0x0000000008006a90                send_initial_clock_train
 .text.power_on
                0x0000000008006acc       0x50 ./Src/diskio.o
                0x0000000008006acc                power_on
 .text.disk_initialize
                0x0000000008006b1c      0x214 ./Src/diskio.o
                0x0000000008006b1c                disk_initialize
 .text.disk_status
                0x0000000008006d30       0x14 ./Src/diskio.o
                0x0000000008006d30                disk_status
 .text.disk_read
                0x0000000008006d44      0x16c ./Src/diskio.o
                0x0000000008006d44                disk_read
 .text.disk_timerproc
                0x0000000008006eb0       0x2c ./Src/diskio.o
                0x0000000008006eb0                disk_timerproc
 .text.__enable_irq
                0x0000000008006edc        0x4 ./Src/driver.o
 .text.__disable_irq
                0x0000000008006ee0        0x4 ./Src/driver.o
 .text.stepperEnable
                0x0000000008006ee4       0x38 ./Src/driver.o
 .text.stepperWakeUp
                0x0000000008006f1c       0x48 ./Src/driver.o
 .text.stepperGoIdle
                0x0000000008006f64       0x14 ./Src/driver.o
 .text.stepperCyclesPerTickPrescaled
                0x0000000008006f78       0x2c ./Src/driver.o
 .text.stepperPulseStart
                0x0000000008006fa4       0x64 ./Src/driver.o
 .text.limitsGetState
                0x0000000008007008       0x74 ./Src/driver.o
 .text.systemGetState
                0x000000000800707c       0x3c ./Src/driver.o
 .text.probeConfigure
                0x00000000080070b8       0x40 ./Src/driver.o
 .text.probeGetState
                0x00000000080070f8       0x2c ./Src/driver.o
                0x00000000080070f8                probeGetState
 .text.spindleGetState
                0x0000000008007124       0x40 ./Src/driver.o
 .text.coolantSetState
                0x0000000008007164       0x28 ./Src/driver.o
 .text.coolantGetState
                0x000000000800718c       0x2c ./Src/driver.o
 .text.bitsSetAtomic
                0x00000000080071b8        0xc ./Src/driver.o
 .text.bitsClearAtomic
                0x00000000080071c4       0x14 ./Src/driver.o
 .text.valueSetAtomic
                0x00000000080071d8        0xc ./Src/driver.o
 .text.getElapsedTicks
                0x00000000080071e4        0xc ./Src/driver.o
 .text.spindleGetPWM
                0x00000000080071f0       0x10 ./Src/driver.o
 .text.limitsEnable
                0x0000000008007200       0x3c ./Src/driver.o
 .text.driver_delay
                0x000000000800723c       0x34 ./Src/driver.o
 .text.stepperPulseStartDelayed
                0x0000000008007270       0x8c ./Src/driver.o
 .text.spindleSetState
                0x00000000080072fc       0x4c ./Src/driver.o
 .text.spindle_set_speed
                0x0000000008007348       0x8c ./Src/driver.o
 .text.settings_changed
                0x00000000080073d4      0x46c ./Src/driver.o
                0x00000000080073d4                settings_changed
 .text.spindleSetStateVariable
                0x0000000008007840       0x68 ./Src/driver.o
 .text.jtag_enable
                0x00000000080078a8       0x40 ./Src/driver.o
 .text.driver_setup
                0x00000000080078e8      0x248 ./Src/driver.o
 .text.driver_init
                0x0000000008007b30      0x170 ./Src/driver.o
                0x0000000008007b30                driver_init
 .text.TIM2_IRQHandler
                0x0000000008007ca0       0x20 ./Src/driver.o
                0x0000000008007ca0                TIM2_IRQHandler
 .text.TIM3_IRQHandler
                0x0000000008007cc0       0x74 ./Src/driver.o
                0x0000000008007cc0                TIM3_IRQHandler
 .text.TIM4_IRQHandler
                0x0000000008007d34       0xb8 ./Src/driver.o
                0x0000000008007d34                TIM4_IRQHandler
 .text.EXTI0_IRQHandler
                0x0000000008007dec       0x9c ./Src/driver.o
                0x0000000008007dec                EXTI0_IRQHandler
 .text.EXTI1_IRQHandler
                0x0000000008007e88       0x9c ./Src/driver.o
                0x0000000008007e88                EXTI1_IRQHandler
 .text.EXTI2_IRQHandler
                0x0000000008007f24       0x9c ./Src/driver.o
                0x0000000008007f24                EXTI2_IRQHandler
 .text.EXTI3_IRQHandler
                0x0000000008007fc0       0x28 ./Src/driver.o
                0x0000000008007fc0                EXTI3_IRQHandler
 .text.EXTI15_10_IRQHandler
                0x0000000008007fe8       0x30 ./Src/driver.o
                0x0000000008007fe8                EXTI15_10_IRQHandler
 .text.HAL_IncTick
                0x0000000008008018       0x4c ./Src/driver.o
                0x0000000008008018                HAL_IncTick
 .text.I2C1_EV_IRQHandler
                0x0000000008008064        0xc ./Src/i2c.o
                0x0000000008008064                I2C1_EV_IRQHandler
 .text.I2C1_ER_IRQHandler
                0x0000000008008070        0xc ./Src/i2c.o
                0x0000000008008070                I2C1_ER_IRQHandler
 .text.i2c_nvs_transfer
                0x000000000800807c       0x60 ./Src/i2c.o
                0x000000000800807c                i2c_nvs_transfer
 .text.i2c_init
                0x00000000080080dc       0x64 ./Src/i2c.o
                0x00000000080080dc                i2c_init
 .text.SystemClock_Config
                0x0000000008008140       0x68 ./Src/main.o
                0x0000000008008140                SystemClock_Config
 .text.startup.main
                0x00000000080081a8       0x54 ./Src/main.o
                0x00000000080081a8                main
 .text.Error_Handler
                0x00000000080081fc        0x4 ./Src/main.o
                0x00000000080081fc                Error_Handler
 .text.serialRxFree
                0x0000000008008200       0x1c ./Src/serial.o
 .text.serialRxCount
                0x000000000800821c       0x18 ./Src/serial.o
 .text.serialRxFlush
                0x0000000008008234        0xc ./Src/serial.o
                0x0000000008008234                serialRxFlush
 .text.serialRxCancel
                0x0000000008008240       0x20 ./Src/serial.o
 .text.serialPutC
                0x0000000008008260       0x44 ./Src/serial.o
 .text.serialWriteS
                0x00000000080082a4       0x18 ./Src/serial.o
 .text.serialWrite
                0x00000000080082bc       0x20 ./Src/serial.o
 .text.serialTxFlush
                0x00000000080082dc       0x1c ./Src/serial.o
 .text.serialTxCount
                0x00000000080082f8       0x2c ./Src/serial.o
 .text.serialGetC
                0x0000000008008324       0x24 ./Src/serial.o
 .text.serialSetRtHandler
                0x0000000008008348       0x10 ./Src/serial.o
 .text.serial2RxFree
                0x0000000008008358       0x1c ./Src/serial.o
 .text.serial2RxCount
                0x0000000008008374       0x18 ./Src/serial.o
 .text.serial2RxFlush
                0x000000000800838c        0xc ./Src/serial.o
 .text.serial2RxCancel
                0x0000000008008398       0x20 ./Src/serial.o
 .text.serial2PutC
                0x00000000080083b8       0x44 ./Src/serial.o
 .text.serial2WriteS
                0x00000000080083fc       0x18 ./Src/serial.o
 .text.serial2Write
                0x0000000008008414       0x20 ./Src/serial.o
 .text.serial2TxFlush
                0x0000000008008434       0x1c ./Src/serial.o
 .text.serial2TxCount
                0x0000000008008450       0x2c ./Src/serial.o
 .text.serial2GetC
                0x000000000800847c       0x24 ./Src/serial.o
 .text.serial2SetRtHandler
                0x00000000080084a0       0x10 ./Src/serial.o
 .text.serialSuspendInput
                0x00000000080084b0        0xc ./Src/serial.o
 .text.serial2SuspendInput
                0x00000000080084bc        0xc ./Src/serial.o
 .text.serialInit
                0x00000000080084c8      0x128 ./Src/serial.o
                0x00000000080084c8                serialInit
 .text.USART1_IRQHandler
                0x00000000080085f0       0x7c ./Src/serial.o
                0x00000000080085f0                USART1_IRQHandler
 .text.serial2Init
                0x000000000800866c      0x140 ./Src/serial.o
                0x000000000800866c                serial2Init
 .text.USART3_IRQHandler
                0x00000000080087ac       0x7c ./Src/serial.o
                0x00000000080087ac                USART3_IRQHandler
 .text.HAL_MspInit
                0x0000000008008828       0x20 ./Src/stm32f1xx_hal_msp.o
                0x0000000008008828                HAL_MspInit
 .text.HAL_SPI_MspInit
                0x0000000008008848       0x88 ./Src/stm32f1xx_hal_msp.o
                0x0000000008008848                HAL_SPI_MspInit
 .text.NMI_Handler
                0x00000000080088d0        0x4 ./Src/stm32f1xx_it.o
                0x00000000080088d0                NMI_Handler
 .text.HardFault_Handler
                0x00000000080088d4        0x4 ./Src/stm32f1xx_it.o
                0x00000000080088d4                HardFault_Handler
 .text.MemManage_Handler
                0x00000000080088d8        0x4 ./Src/stm32f1xx_it.o
                0x00000000080088d8                MemManage_Handler
 .text.BusFault_Handler
                0x00000000080088dc        0x4 ./Src/stm32f1xx_it.o
                0x00000000080088dc                BusFault_Handler
 .text.UsageFault_Handler
                0x00000000080088e0        0x4 ./Src/stm32f1xx_it.o
                0x00000000080088e0                UsageFault_Handler
 .text.SVC_Handler
                0x00000000080088e4        0x4 ./Src/stm32f1xx_it.o
                0x00000000080088e4                SVC_Handler
 .text.DebugMon_Handler
                0x00000000080088e8        0x4 ./Src/stm32f1xx_it.o
                0x00000000080088e8                DebugMon_Handler
 .text.PendSV_Handler
                0x00000000080088ec        0x4 ./Src/stm32f1xx_it.o
                0x00000000080088ec                PendSV_Handler
 .text.SysTick_Handler
                0x00000000080088f0        0x4 ./Src/stm32f1xx_it.o
                0x00000000080088f0                SysTick_Handler
 .text.USB_LP_CAN1_RX0_IRQHandler
                0x00000000080088f4        0xc ./Src/stm32f1xx_it.o
                0x00000000080088f4                USB_LP_CAN1_RX0_IRQHandler
 .text._getpid  0x0000000008008900        0x4 ./Src/syscalls.o
                0x0000000008008900                _getpid
 .text._kill    0x0000000008008904       0x14 ./Src/syscalls.o
                0x0000000008008904                _kill
 .text._exit    0x0000000008008918        0xc ./Src/syscalls.o
                0x0000000008008918                _exit
 .text._read    0x0000000008008924       0x1c ./Src/syscalls.o
                0x0000000008008924                _read
 .text._write   0x0000000008008940       0x1c ./Src/syscalls.o
                0x0000000008008940                _write
 .text._close   0x000000000800895c        0x8 ./Src/syscalls.o
                0x000000000800895c                _close
 .text._fstat   0x0000000008008964        0xc ./Src/syscalls.o
                0x0000000008008964                _fstat
 .text._isatty  0x0000000008008970        0x4 ./Src/syscalls.o
                0x0000000008008970                _isatty
 .text._lseek   0x0000000008008974        0x4 ./Src/syscalls.o
                0x0000000008008974                _lseek
 .text._sbrk    0x0000000008008978       0x3c ./Src/sysmem.o
                0x0000000008008978                _sbrk
 .text.SystemInit
                0x00000000080089b4       0x50 ./Src/system_stm32f1xx.o
                0x00000000080089b4                SystemInit
 .text.Reset_Handler
                0x0000000008008a04       0x48 ./StartupRC/startup_stm32f103rctx.o
                0x0000000008008a04                Reset_Handler
 .text.Default_Handler
                0x0000000008008a4c        0x2 ./StartupRC/startup_stm32f103rctx.o
                0x0000000008008a4c                RTC_Alarm_IRQHandler
                0x0000000008008a4c                TIM8_TRG_COM_IRQHandler
                0x0000000008008a4c                TIM8_CC_IRQHandler
                0x0000000008008a4c                TIM1_CC_IRQHandler
                0x0000000008008a4c                TIM6_IRQHandler
                0x0000000008008a4c                PVD_IRQHandler
                0x0000000008008a4c                SDIO_IRQHandler
                0x0000000008008a4c                I2C2_EV_IRQHandler
                0x0000000008008a4c                ADC1_2_IRQHandler
                0x0000000008008a4c                SPI1_IRQHandler
                0x0000000008008a4c                TAMPER_IRQHandler
                0x0000000008008a4c                TIM8_UP_IRQHandler
                0x0000000008008a4c                DMA2_Channel2_IRQHandler
                0x0000000008008a4c                DMA1_Channel4_IRQHandler
                0x0000000008008a4c                RTC_IRQHandler
                0x0000000008008a4c                DMA1_Channel7_IRQHandler
                0x0000000008008a4c                CAN1_RX1_IRQHandler
                0x0000000008008a4c                UART5_IRQHandler
                0x0000000008008a4c                ADC3_IRQHandler
                0x0000000008008a4c                DMA2_Channel1_IRQHandler
                0x0000000008008a4c                DMA1_Channel6_IRQHandler
                0x0000000008008a4c                UART4_IRQHandler
                0x0000000008008a4c                RCC_IRQHandler
                0x0000000008008a4c                TIM1_TRG_COM_IRQHandler
                0x0000000008008a4c                DMA1_Channel1_IRQHandler
                0x0000000008008a4c                Default_Handler
                0x0000000008008a4c                TIM7_IRQHandler
                0x0000000008008a4c                TIM5_IRQHandler
                0x0000000008008a4c                EXTI9_5_IRQHandler
                0x0000000008008a4c                SPI2_IRQHandler
                0x0000000008008a4c                DMA1_Channel5_IRQHandler
                0x0000000008008a4c                EXTI4_IRQHandler
                0x0000000008008a4c                USB_HP_CAN1_TX_IRQHandler
                0x0000000008008a4c                DMA1_Channel3_IRQHandler
                0x0000000008008a4c                FSMC_IRQHandler
                0x0000000008008a4c                TIM1_UP_IRQHandler
                0x0000000008008a4c                WWDG_IRQHandler
                0x0000000008008a4c                TIM1_BRK_IRQHandler
                0x0000000008008a4c                DMA2_Channel4_5_IRQHandler
                0x0000000008008a4c                USART2_IRQHandler
                0x0000000008008a4c                I2C2_ER_IRQHandler
                0x0000000008008a4c                DMA1_Channel2_IRQHandler
                0x0000000008008a4c                TIM8_BRK_IRQHandler
                0x0000000008008a4c                CAN1_SCE_IRQHandler
                0x0000000008008a4c                FLASH_IRQHandler
                0x0000000008008a4c                SPI3_IRQHandler
                0x0000000008008a4c                USBWakeUp_IRQHandler
                0x0000000008008a4c                DMA2_Channel3_IRQHandler
 *fill*         0x0000000008008a4e        0x2 
 .text.HAL_PCD_SetupStageCallback
                0x0000000008008a50        0xc ./USB_DEVICE/Target/usbd_conf.o
                0x0000000008008a50                HAL_PCD_SetupStageCallback
 .text.HAL_PCD_DataOutStageCallback
                0x0000000008008a5c       0x14 ./USB_DEVICE/Target/usbd_conf.o
                0x0000000008008a5c                HAL_PCD_DataOutStageCallback
 .text.HAL_PCD_DataInStageCallback
                0x0000000008008a70       0x14 ./USB_DEVICE/Target/usbd_conf.o
                0x0000000008008a70                HAL_PCD_DataInStageCallback
 .text.HAL_PCD_SOFCallback
                0x0000000008008a84        0x8 ./USB_DEVICE/Target/usbd_conf.o
                0x0000000008008a84                HAL_PCD_SOFCallback
 .text.HAL_PCD_ResetCallback
                0x0000000008008a8c       0x24 ./USB_DEVICE/Target/usbd_conf.o
                0x0000000008008a8c                HAL_PCD_ResetCallback
 .text.HAL_PCD_SuspendCallback
                0x0000000008008ab0       0x20 ./USB_DEVICE/Target/usbd_conf.o
                0x0000000008008ab0                HAL_PCD_SuspendCallback
 .text.HAL_PCD_ResumeCallback
                0x0000000008008ad0        0x8 ./USB_DEVICE/Target/usbd_conf.o
                0x0000000008008ad0                HAL_PCD_ResumeCallback
 .text.USBD_LL_OpenEP
                0x0000000008008ad8       0x20 ./USB_DEVICE/Target/usbd_conf.o
                0x0000000008008ad8                USBD_LL_OpenEP
 .text.USBD_LL_StallEP
                0x0000000008008af8       0x1c ./USB_DEVICE/Target/usbd_conf.o
                0x0000000008008af8                USBD_LL_StallEP
 .text.USBD_LL_ClearStallEP
                0x0000000008008b14       0x1c ./USB_DEVICE/Target/usbd_conf.o
                0x0000000008008b14                USBD_LL_ClearStallEP
 .text.USBD_LL_IsStallEP
                0x0000000008008b30       0x28 ./USB_DEVICE/Target/usbd_conf.o
                0x0000000008008b30                USBD_LL_IsStallEP
 .text.USBD_LL_SetUSBAddress
                0x0000000008008b58       0x1c ./USB_DEVICE/Target/usbd_conf.o
                0x0000000008008b58                USBD_LL_SetUSBAddress
 .text.USBD_LL_Transmit
                0x0000000008008b74       0x1c ./USB_DEVICE/Target/usbd_conf.o
                0x0000000008008b74                USBD_LL_Transmit
 .text.USBD_LL_PrepareReceive
                0x0000000008008b90       0x1c ./USB_DEVICE/Target/usbd_conf.o
                0x0000000008008b90                USBD_LL_PrepareReceive
 .text.putByte  0x0000000008008bac       0x2c ./eeprom/eeprom_24AAxxx.o
 .text.getByte  0x0000000008008bd8       0x30 ./eeprom/eeprom_24AAxxx.o
 .text.readBlock
                0x0000000008008c08       0x8c ./eeprom/eeprom_24AAxxx.o
 .text.writeBlock
                0x0000000008008c94       0x8c ./eeprom/eeprom_24AAxxx.o
 .text.i2c_eeprom_init
                0x0000000008008d20       0x34 ./eeprom/eeprom_24AAxxx.o
                0x0000000008008d20                i2c_eeprom_init
 .text.coolant_set_state
                0x0000000008008d54       0x28 ./grbl/coolant_control.o
                0x0000000008008d54                coolant_set_state
 .text.coolant_sync
                0x0000000008008d7c       0x48 ./grbl/coolant_control.o
                0x0000000008008d7c                coolant_sync
 .text.init_sync_motion
                0x0000000008008dc4       0x8c ./grbl/gcode.o
 .text.add_output_command.constprop.0
                0x0000000008008e50       0x40 ./grbl/gcode.o
 .text.set_scaling.constprop.0
                0x0000000008008e90       0x64 ./grbl/gcode.o
 .text.gc_get_scaling
                0x0000000008008ef4        0x8 ./grbl/gcode.o
                0x0000000008008ef4                gc_get_scaling
 .text.gc_get_g51_state
                0x0000000008008efc       0x30 ./grbl/gcode.o
                0x0000000008008efc                gc_get_g51_state
 .text.gc_get_offset
                0x0000000008008f2c       0x2c ./grbl/gcode.o
                0x0000000008008f2c                gc_get_offset
 .text.gc_set_tool_offset
                0x0000000008008f58       0xb8 ./grbl/gcode.o
                0x0000000008008f58                gc_set_tool_offset
 .text.gc_get_plane_data
                0x0000000008009010       0x2c ./grbl/gcode.o
                0x0000000008009010                gc_get_plane_data
 .text.gc_init  0x000000000800903c       0xc8 ./grbl/gcode.o
                0x000000000800903c                gc_init
 .text.gc_execute_block
                0x0000000008009104     0x2f7c ./grbl/gcode.o
                0x0000000008009104                gc_execute_block
 .text.dummy_bool_handler
                0x000000000800c080        0x4 ./grbl/grbllib.o
                0x000000000800c080                dummy_bool_handler
 .text.stream_tx_blocking
                0x000000000800c084       0x24 ./grbl/grbllib.o
 .text.grbl_enter
                0x000000000800c0a8      0x240 ./grbl/grbllib.o
                0x000000000800c0a8                grbl_enter
 .text.limits_pull_off
                0x000000000800c2e8      0x154 ./grbl/limits.o
 .text.limit_signals_merge
                0x000000000800c43c       0x18 ./grbl/limits.o
                0x000000000800c43c                limit_signals_merge
 .text.limit_interrupt_handler
                0x000000000800c454       0x40 ./grbl/limits.o
                0x000000000800c454                limit_interrupt_handler
 .text.limits_set_machine_positions
                0x000000000800c494       0x90 ./grbl/limits.o
                0x000000000800c494                limits_set_machine_positions
 .text.limits_go_home
                0x000000000800c524      0x4cc ./grbl/limits.o
                0x000000000800c524                limits_go_home
 .text.limits_soft_check
                0x000000000800c9f0       0x5c ./grbl/limits.o
                0x000000000800c9f0                limits_soft_check
 .text.limits_set_homing_axes
                0x000000000800ca4c       0x30 ./grbl/limits.o
                0x000000000800ca4c                limits_set_homing_axes
 .text.limits_homing_required
                0x000000000800ca7c       0x40 ./grbl/limits.o
                0x000000000800ca7c                limits_homing_required
 .text.mc_line  0x000000000800cabc       0x8c ./grbl/motion_control.o
                0x000000000800cabc                mc_line
 .text.mc_arc   0x000000000800cb48      0x328 ./grbl/motion_control.o
                0x000000000800cb48                mc_arc
 .text.mc_cubic_b_spline
                0x000000000800ce70      0x5c8 ./grbl/motion_control.o
                0x000000000800ce70                mc_cubic_b_spline
 .text.mc_canned_drill
                0x000000000800d438      0x278 ./grbl/motion_control.o
                0x000000000800d438                mc_canned_drill
 .text.mc_thread
                0x000000000800d6b0      0x310 ./grbl/motion_control.o
                0x000000000800d6b0                mc_thread
 .text.mc_jog_execute
                0x000000000800d9c0       0x7c ./grbl/motion_control.o
                0x000000000800d9c0                mc_jog_execute
 .text.mc_dwell
                0x000000000800da3c       0x20 ./grbl/motion_control.o
                0x000000000800da3c                mc_dwell
 .text.mc_probe_cycle
                0x000000000800da5c      0x128 ./grbl/motion_control.o
                0x000000000800da5c                mc_probe_cycle
 .text.mc_parking_motion
                0x000000000800db84       0x3c ./grbl/motion_control.o
                0x000000000800db84                mc_parking_motion
 .text.mc_override_ctrl_update
                0x000000000800dbc0       0x18 ./grbl/motion_control.o
                0x000000000800dbc0                mc_override_ctrl_update
 .text.mc_reset
                0x000000000800dbd8       0x94 ./grbl/motion_control.o
                0x000000000800dbd8                mc_reset
 .text.mc_homing_cycle
                0x000000000800dc6c      0x1d0 ./grbl/motion_control.o
                0x000000000800dc6c                mc_homing_cycle
 .text.my_plugin_init
                0x000000000800de3c        0x4 ./grbl/my_plugin.o
                0x000000000800de3c                my_plugin_init
 .text.uitoa    0x000000000800de40       0x44 ./grbl/nuts_bolts.o
                0x000000000800de40                uitoa
 .text.ftoa     0x000000000800de84      0x120 ./grbl/nuts_bolts.o
                0x000000000800de84                ftoa
 .text.read_float
                0x000000000800dfa4      0x114 ./grbl/nuts_bolts.o
                0x000000000800dfa4                read_float
 .text.isintf   0x000000000800e0b8       0x28 ./grbl/nuts_bolts.o
                0x000000000800e0b8                isintf
 .text.delay_sec
                0x000000000800e0e0       0x50 ./grbl/nuts_bolts.o
                0x000000000800e0e0                delay_sec
 .text.convert_delta_vector_to_unit_vector
                0x000000000800e130       0x6c ./grbl/nuts_bolts.o
                0x000000000800e130                convert_delta_vector_to_unit_vector
 .text.calc_checksum
                0x000000000800e19c       0x28 ./grbl/nuts_bolts.o
                0x000000000800e19c                calc_checksum
 .text.strcaps  0x000000000800e1c4       0x40 ./grbl/nuts_bolts.o
                0x000000000800e1c4                strcaps
 .text.dummy_handler
                0x000000000800e204        0x4 ./grbl/nuts_bolts.o
                0x000000000800e204                dummy_handler
 .text.ram_get_byte
                0x000000000800e208        0xc ./grbl/nvs_buffer.o
 .text.ram_put_byte
                0x000000000800e214       0x44 ./grbl/nvs_buffer.o
 .text.nvs_warning
                0x000000000800e258        0xc ./grbl/nvs_buffer.o
 .text.memcpy_to_ram
                0x000000000800e264      0x1ec ./grbl/nvs_buffer.o
 .text.memcpy_from_ram
                0x000000000800e450       0x8c ./grbl/nvs_buffer.o
 .text.nvs_buffer_alloc
                0x000000000800e4dc       0x20 ./grbl/nvs_buffer.o
                0x000000000800e4dc                nvs_buffer_alloc
 .text.nvs_buffer_init
                0x000000000800e4fc      0x144 ./grbl/nvs_buffer.o
                0x000000000800e4fc                nvs_buffer_init
 .text.nvs_alloc
                0x000000000800e640       0x78 ./grbl/nvs_buffer.o
                0x000000000800e640                nvs_alloc
 .text.nvs_buffer_sync_physical
                0x000000000800e6b8      0x188 ./grbl/nvs_buffer.o
                0x000000000800e6b8                nvs_buffer_sync_physical
 .text.nvs_buffer_free
                0x000000000800e840       0x1c ./grbl/nvs_buffer.o
                0x000000000800e840                nvs_buffer_free
 .text.nvs_buffer_get_physical
                0x000000000800e85c       0x20 ./grbl/nvs_buffer.o
                0x000000000800e85c                nvs_buffer_get_physical
 .text.enqueue_feed_override
                0x000000000800e87c       0x20 ./grbl/override.o
                0x000000000800e87c                enqueue_feed_override
 .text.get_feed_override
                0x000000000800e89c       0x20 ./grbl/override.o
                0x000000000800e89c                get_feed_override
 .text.enqueue_accessory_override
                0x000000000800e8bc       0x20 ./grbl/override.o
                0x000000000800e8bc                enqueue_accessory_override
 .text.get_accessory_override
                0x000000000800e8dc       0x20 ./grbl/override.o
                0x000000000800e8dc                get_accessory_override
 .text.flush_override_buffers
                0x000000000800e8fc       0x18 ./grbl/override.o
                0x000000000800e8fc                flush_override_buffers
 .text.planner_recalculate
                0x000000000800e914      0x13c ./grbl/planner.o
 .text.plan_reset
                0x000000000800ea50       0xb0 ./grbl/planner.o
                0x000000000800ea50                plan_reset
 .text.plan_discard_current_block
                0x000000000800eb00       0x4c ./grbl/planner.o
                0x000000000800eb00                plan_discard_current_block
 .text.plan_get_system_motion_block
                0x000000000800eb4c        0xc ./grbl/planner.o
                0x000000000800eb4c                plan_get_system_motion_block
 .text.plan_get_current_block
                0x000000000800eb58       0x18 ./grbl/planner.o
                0x000000000800eb58                plan_get_current_block
 .text.plan_get_exec_block_exit_speed_sqr
                0x000000000800eb70       0x1c ./grbl/planner.o
                0x000000000800eb70                plan_get_exec_block_exit_speed_sqr
 .text.plan_check_full_buffer
                0x000000000800eb8c       0x1c ./grbl/planner.o
                0x000000000800eb8c                plan_check_full_buffer
 .text.plan_compute_profile_nominal_speed
                0x000000000800eba8       0x94 ./grbl/planner.o
                0x000000000800eba8                plan_compute_profile_nominal_speed
 .text.plan_update_velocity_profile_parameters
                0x000000000800ec3c       0x74 ./grbl/planner.o
                0x000000000800ec3c                plan_update_velocity_profile_parameters
 .text.plan_buffer_line
                0x000000000800ecb0      0x418 ./grbl/planner.o
                0x000000000800ecb0                plan_buffer_line
 .text.plan_sync_position
                0x000000000800f0c8       0x14 ./grbl/planner.o
                0x000000000800f0c8                plan_sync_position
 .text.plan_get_block_buffer_available
                0x000000000800f0dc       0x38 ./grbl/planner.o
                0x000000000800f0dc                plan_get_block_buffer_available
 .text.plan_cycle_reinitialize
                0x000000000800f114       0x20 ./grbl/planner.o
                0x000000000800f114                plan_cycle_reinitialize
 .text.plan_feed_override
                0x000000000800f134       0x58 ./grbl/planner.o
                0x000000000800f134                plan_feed_override
 .text.protocol_enqueue_gcode
                0x000000000800f18c       0x64 ./grbl/protocol.o
                0x000000000800f18c                protocol_enqueue_gcode
 .text.protocol_auto_cycle_start
                0x000000000800f1f0       0x20 ./grbl/protocol.o
                0x000000000800f1f0                protocol_auto_cycle_start
 .text.protocol_exec_rt_system
                0x000000000800f210      0x44c ./grbl/protocol.o
                0x000000000800f210                protocol_exec_rt_system
 .text.protocol_execute_realtime
                0x000000000800f65c       0xa8 ./grbl/protocol.o
                0x000000000800f65c                protocol_execute_realtime
 .text.protocol_main_loop
                0x000000000800f704      0x574 ./grbl/protocol.o
                0x000000000800f704                protocol_main_loop
 .text.protocol_buffer_synchronize
                0x000000000800fc78       0x28 ./grbl/protocol.o
                0x000000000800fc78                protocol_buffer_synchronize
 .text.protocol_enqueue_realtime_command
                0x000000000800fca0      0x348 ./grbl/protocol.o
                0x000000000800fca0                protocol_enqueue_realtime_command
 .text.protocol_enqueue_rt_command
                0x000000000800ffe8       0x40 ./grbl/protocol.o
                0x000000000800ffe8                protocol_enqueue_rt_command
 .text.protocol_execute_noop
                0x0000000008010028        0x4 ./grbl/protocol.o
                0x0000000008010028                protocol_execute_noop
 .text.report_feedback_message
                0x000000000801002c       0x58 ./grbl/report.o
                0x000000000801002c                report_feedback_message
 .text.cmp_settings
                0x0000000008010084        0xc ./grbl/report.o
 .text.add_limits
                0x0000000008010090       0xac ./grbl/report.o
 .text.get_rate_value_mm
                0x000000000801013c       0x10 ./grbl/report.o
 .text.get_rate_value_inch
                0x000000000801014c       0x18 ./grbl/report.o
 .text.report_pin
                0x0000000008010164       0xa0 ./grbl/report.o
 .text.get_axis_values_mm
                0x0000000008010204       0x98 ./grbl/report.o
 .text.get_axis_values_inches
                0x000000000801029c       0xac ./grbl/report.o
 .text.get_axis_value_mm
                0x0000000008010348       0x18 ./grbl/report.o
 .text.get_axis_value_inches
                0x0000000008010360       0x24 ./grbl/report.o
 .text.map_coord_system
                0x0000000008010384       0x48 ./grbl/report.o
 .text.appendbuf
                0x00000000080103cc       0x3c ./grbl/report.o
 .text.report_setting
                0x0000000008010408       0x58 ./grbl/report.o
 .text.report_bitfield
                0x0000000008010460       0xe0 ./grbl/report.o
 .text.report_settings_detail
                0x0000000008010540      0x274 ./grbl/report.o
 .text.print_unsorted
                0x00000000080107b4       0x34 ./grbl/report.o
 .text.print_sorted
                0x00000000080107e8       0x24 ./grbl/report.o
 .text.cmp_setting_group_name
                0x000000000801080c        0xc ./grbl/report.o
 .text.print_setting
                0x0000000008010818       0x44 ./grbl/report.o
 .text.report_status_message
                0x000000000801085c       0x40 ./grbl/report.o
                0x000000000801085c                report_status_message
 .text.print_settings_details.isra.0
                0x000000000801089c      0x1e0 ./grbl/report.o
 .text.report_group_settings
                0x0000000008010a7c       0x74 ./grbl/report.o
 .text.print_setting_group
                0x0000000008010af0       0x98 ./grbl/report.o
 .text.cmp_setting_group_id
                0x0000000008010b88        0xc ./grbl/report.o
 .text.report_init
                0x0000000008010b94       0x5c ./grbl/report.o
                0x0000000008010b94                report_init
 .text.report_init_fns
                0x0000000008010bf0       0x14 ./grbl/report.o
                0x0000000008010bf0                report_init_fns
 .text.report_alarm_message
                0x0000000008010c04       0x38 ./grbl/report.o
                0x0000000008010c04                report_alarm_message
 .text.report_message
                0x0000000008010c3c       0x54 ./grbl/report.o
                0x0000000008010c3c                report_message
 .text.report_init_message
                0x0000000008010c90       0x28 ./grbl/report.o
                0x0000000008010c90                report_init_message
 .text.report_grbl_help
                0x0000000008010cb8       0x14 ./grbl/report.o
                0x0000000008010cb8                report_grbl_help
 .text.report_grbl_setting
                0x0000000008010ccc       0x28 ./grbl/report.o
                0x0000000008010ccc                report_grbl_setting
 .text.report_grbl_settings
                0x0000000008010cf4      0x140 ./grbl/report.o
                0x0000000008010cf4                report_grbl_settings
 .text.report_probe_parameters
                0x0000000008010e34       0x68 ./grbl/report.o
                0x0000000008010e34                report_probe_parameters
 .text.report_home_position
                0x0000000008010e9c       0x58 ./grbl/report.o
                0x0000000008010e9c                report_home_position
 .text.report_tool_offsets
                0x0000000008010ef4       0x3c ./grbl/report.o
                0x0000000008010ef4                report_tool_offsets
 .text.report_ngc_parameters
                0x0000000008010f30      0x178 ./grbl/report.o
                0x0000000008010f30                report_ngc_parameters
 .text.report_gcode_modes
                0x00000000080110a8      0x400 ./grbl/report.o
                0x00000000080110a8                report_gcode_modes
 .text.report_startup_line
                0x00000000080114a8       0x40 ./grbl/report.o
                0x00000000080114a8                report_startup_line
 .text.report_execute_startup_message
                0x00000000080114e8       0x3c ./grbl/report.o
                0x00000000080114e8                report_execute_startup_message
 .text.report_build_info
                0x0000000008011524      0x4e0 ./grbl/report.o
                0x0000000008011524                report_build_info
 .text.report_realtime_status
                0x0000000008011a04      0xab0 ./grbl/report.o
                0x0000000008011a04                report_realtime_status
 .text.report_settings_details
                0x00000000080124b4       0x30 ./grbl/report.o
                0x00000000080124b4                report_settings_details
 .text.report_alarm_details
                0x00000000080124e4       0x74 ./grbl/report.o
                0x00000000080124e4                report_alarm_details
 .text.report_error_details
                0x0000000008012558       0x74 ./grbl/report.o
                0x0000000008012558                report_error_details
 .text.report_setting_group_details
                0x00000000080125cc       0xc8 ./grbl/report.o
                0x00000000080125cc                report_setting_group_details
 .text.report_help
                0x0000000008012694      0x194 ./grbl/report.o
                0x0000000008012694                report_help
 .text.report_last_signals_event
                0x0000000008012828       0xd0 ./grbl/report.o
                0x0000000008012828                report_last_signals_event
 .text.report_current_limit_state
                0x00000000080128f8       0x48 ./grbl/report.o
                0x00000000080128f8                report_current_limit_state
 .text.report_spindle_data
                0x0000000008012940       0x90 ./grbl/report.o
                0x0000000008012940                report_spindle_data
 .text.report_pins
                0x00000000080129d0       0x1c ./grbl/report.o
                0x00000000080129d0                report_pins
 .text.report_pid_log
                0x00000000080129ec        0xc ./grbl/report.o
                0x00000000080129ec                report_pid_log
 .text.set_probe_invert
                0x00000000080129f8       0x34 ./grbl/settings.o
 .text.set_report_mask
                0x0000000008012a2c       0x10 ./grbl/settings.o
 .text.set_control_invert
                0x0000000008012a3c       0x1c ./grbl/settings.o
 .text.set_control_disable_pullup
                0x0000000008012a58       0x1c ./grbl/settings.o
 .text.set_probe_disable_pullup
                0x0000000008012a74       0x2c ./grbl/settings.o
 .text.set_soft_limits_enable
                0x0000000008012aa0       0x2c ./grbl/settings.o
 .text.set_hard_limits_enable
                0x0000000008012acc       0x30 ./grbl/settings.o
 .text.set_jog_soft_limited
                0x0000000008012afc       0x2c ./grbl/settings.o
 .text.set_enable_legacy_rt_commands
                0x0000000008012b28       0x1c ./grbl/settings.o
 .text.set_mode
                0x0000000008012b44       0x7c ./grbl/settings.o
 .text.set_sleep_enable
                0x0000000008012bc0       0x1c ./grbl/settings.o
 .text.set_hold_actions
                0x0000000008012bdc       0x28 ./grbl/settings.o
 .text.set_force_initialization_alarm
                0x0000000008012c04       0x1c ./grbl/settings.o
 .text.set_probe_allow_feed_override
                0x0000000008012c20       0x1c ./grbl/settings.o
 .text.set_tool_change_probing_distance
                0x0000000008012c3c       0x1c ./grbl/settings.o
 .text.get_int  0x0000000008012c58      0x198 ./grbl/settings.o
 .text.set_tool_change_mode
                0x0000000008012df0       0x34 ./grbl/settings.o
 .text.set_homing_cycle
                0x0000000008012e24       0x18 ./grbl/settings.o
 .text.set_report_inches
                0x0000000008012e3c       0x28 ./grbl/settings.o
 .text.set_spindle_invert
                0x0000000008012e64       0x34 ./grbl/settings.o
 .text.set_homing_enable
                0x0000000008012e98       0x5c ./grbl/settings.o
 .text.set_axis_setting
                0x0000000008012ef4      0x214 ./grbl/settings.o
 .text.settings_write_global
                0x0000000008013108       0x40 ./grbl/settings.o
                0x0000000008013108                settings_write_global
 .text.validate_value.isra.0
                0x0000000008013148       0x60 ./grbl/settings.o
 .text.settings_write_build_info.part.0
                0x00000000080131a8       0x1c ./grbl/settings.o
 .text.strnumentries.part.0.constprop.0
                0x00000000080131c4       0x18 ./grbl/settings.o
 .text.is_setting_available
                0x00000000080131dc       0xb4 ./grbl/settings.o
 .text.get_float
                0x0000000008013290       0xcc ./grbl/settings.o
 .text.settings_get_details
                0x000000000801335c       0x14 ./grbl/settings.o
                0x000000000801335c                settings_get_details
 .text.settings_get_axis_base
                0x0000000008013370       0x5c ./grbl/settings.o
                0x0000000008013370                settings_get_axis_base
 .text.setting_get_value
                0x00000000080133cc       0xe0 ./grbl/settings.o
                0x00000000080133cc                setting_get_value
 .text.settings_write_build_info
                0x00000000080134ac       0x14 ./grbl/settings.o
                0x00000000080134ac                settings_write_build_info
 .text.settings_read_build_info
                0x00000000080134c0       0x3c ./grbl/settings.o
                0x00000000080134c0                settings_read_build_info
 .text.settings_write_startup_line
                0x00000000080134fc       0x4c ./grbl/settings.o
                0x00000000080134fc                settings_write_startup_line
 .text.settings_read_startup_line
                0x0000000008013548       0x60 ./grbl/settings.o
                0x0000000008013548                settings_read_startup_line
 .text.settings_write_coord_data
                0x00000000080135a8       0x4c ./grbl/settings.o
                0x00000000080135a8                settings_write_coord_data
 .text.settings_read_coord_data
                0x00000000080135f4       0x64 ./grbl/settings.o
                0x00000000080135f4                settings_read_coord_data
 .text.read_global_settings
                0x0000000008013658       0x48 ./grbl/settings.o
                0x0000000008013658                read_global_settings
 .text.settings_restore
                0x00000000080136a0      0x104 ./grbl/settings.o
                0x00000000080136a0                settings_restore
 .text.settings_is_group_available
                0x00000000080137a4       0xd8 ./grbl/settings.o
                0x00000000080137a4                settings_is_group_available
 .text.settings_normalize_group
                0x000000000801387c        0xc ./grbl/settings.o
                0x000000000801387c                settings_normalize_group
 .text.settings_iterator
                0x0000000008013888      0x27c ./grbl/settings.o
                0x0000000008013888                settings_iterator
 .text.setting_get_details
                0x0000000008013b04       0xf8 ./grbl/settings.o
                0x0000000008013b04                setting_get_details
 .text.setting_remove_element
                0x0000000008013bfc       0x64 ./grbl/settings.o
 .text.setting_datatype_to_external
                0x0000000008013c60        0xc ./grbl/settings.o
                0x0000000008013c60                setting_datatype_to_external
 .text.setting_is_list
                0x0000000008013c6c       0x10 ./grbl/settings.o
                0x0000000008013c6c                setting_is_list
 .text.setting_remove_elements
                0x0000000008013c7c       0x68 ./grbl/settings.o
                0x0000000008013c7c                setting_remove_elements
 .text.setting_validate_me
                0x0000000008013ce4       0xe0 ./grbl/settings.o
                0x0000000008013ce4                setting_validate_me
 .text.settings_store_setting
                0x0000000008013dc4      0x158 ./grbl/settings.o
                0x0000000008013dc4                settings_store_setting
 .text.settings_init
                0x0000000008013f1c       0xf0 ./grbl/settings.o
                0x0000000008013f1c                settings_init
 .text.fall_asleep
                0x000000000801400c        0xc ./grbl/sleep.o
 .text.sleep_execute
                0x0000000008014018       0x74 ./grbl/sleep.o
 .text.sleep_check
                0x000000000801408c       0x4c ./grbl/sleep.o
                0x000000000801408c                sleep_check
 .text.spindle_set_state
                0x00000000080140d8       0xdc ./grbl/spindle_control.o
                0x00000000080140d8                spindle_set_state
 .text.spindle_set_override
                0x00000000080141b4       0x54 ./grbl/spindle_control.o
                0x00000000080141b4                spindle_set_override
 .text.spindle_sync
                0x0000000008014208       0xb0 ./grbl/spindle_control.o
                0x0000000008014208                spindle_sync
 .text.spindle_restore
                0x00000000080142b8       0x98 ./grbl/spindle_control.o
                0x00000000080142b8                spindle_restore
 .text.spindle_set_rpm
                0x0000000008014350       0x6c ./grbl/spindle_control.o
                0x0000000008014350                spindle_set_rpm
 .text.spindle_precompute_pwm_values
                0x00000000080143bc       0xf0 ./grbl/spindle_control.o
                0x00000000080143bc                spindle_precompute_pwm_values
 .text.spindle_compute_pwm_value
                0x00000000080144ac       0x78 ./grbl/spindle_control.o
                0x00000000080144ac                spindle_compute_pwm_value
 .text.state_noop
                0x0000000008014524        0x4 ./grbl/state_machine.o
 .text.restart_retract
                0x0000000008014528       0x54 ./grbl/state_machine.o
 .text.state_await_hold.part.0
                0x000000000801457c      0x180 ./grbl/state_machine.o
 .text.state_await_hold
                0x00000000080146fc        0xc ./grbl/state_machine.o
 .text.state_await_waypoint_retract
                0x0000000008014708       0xe8 ./grbl/state_machine.o
 .text.state_restore_conditions.isra.0.part.0.constprop.0
                0x00000000080147f0       0x44 ./grbl/state_machine.o
 .text.state_restore
                0x0000000008014834       0xb4 ./grbl/state_machine.o
 .text.state_await_waypoint_cancel
                0x00000000080148e8       0x30 ./grbl/state_machine.o
 .text.initiate_hold
                0x0000000008014918      0x108 ./grbl/state_machine.o
                0x0000000008014918                initiate_hold
 .text.state_door_reopened
                0x0000000008014a20       0x1c ./grbl/state_machine.o
                0x0000000008014a20                state_door_reopened
 .text.state_get
                0x0000000008014a3c        0xc ./grbl/state_machine.o
                0x0000000008014a3c                state_get
 .text.state_set
                0x0000000008014a48      0x1dc ./grbl/state_machine.o
                0x0000000008014a48                state_set
 .text.state_idle
                0x0000000008014c24       0x48 ./grbl/state_machine.o
 .text.state_await_resume
                0x0000000008014c6c      0x174 ./grbl/state_machine.o
 .text.state_await_restore
                0x0000000008014de0       0xa4 ./grbl/state_machine.o
 .text.state_await_resumed
                0x0000000008014e84       0x3c ./grbl/state_machine.o
 .text.state_update
                0x0000000008014ec0       0x20 ./grbl/state_machine.o
                0x0000000008014ec0                state_update
 .text.state_await_toolchanged
                0x0000000008014ee0       0x78 ./grbl/state_machine.o
 .text.state_cycle
                0x0000000008014f58       0x78 ./grbl/state_machine.o
 .text.state_await_motion_cancel
                0x0000000008014fd0       0x64 ./grbl/state_machine.o
 .text.state_suspend_manager
                0x0000000008015034       0xb4 ./grbl/state_machine.o
                0x0000000008015034                state_suspend_manager
 .text.output_message
                0x00000000080150e8       0x20 ./grbl/stepper.o
 .text.st_deenergize
                0x0000000008015108       0x28 ./grbl/stepper.o
                0x0000000008015108                st_deenergize
 .text.st_wake_up
                0x0000000008015130       0x18 ./grbl/stepper.o
                0x0000000008015130                st_wake_up
 .text.st_go_idle
                0x0000000008015148       0x6c ./grbl/stepper.o
                0x0000000008015148                st_go_idle
 .text.stepper_driver_interrupt_handler
                0x00000000080151b4      0x270 ./grbl/stepper.o
                0x00000000080151b4                stepper_driver_interrupt_handler
 .text.st_reset
                0x0000000008015424       0xfc ./grbl/stepper.o
                0x0000000008015424                st_reset
 .text.st_rpm_changed
                0x0000000008015520        0xc ./grbl/stepper.o
                0x0000000008015520                st_rpm_changed
 .text.st_update_plan_block_parameters
                0x000000000801552c       0x2c ./grbl/stepper.o
                0x000000000801552c                st_update_plan_block_parameters
 .text.st_parking_setup_buffer
                0x0000000008015558       0x6c ./grbl/stepper.o
                0x0000000008015558                st_parking_setup_buffer
 .text.st_parking_restore_buffer
                0x00000000080155c4       0x74 ./grbl/stepper.o
                0x00000000080155c4                st_parking_restore_buffer
 .text.st_prep_buffer
                0x0000000008015638      0x950 ./grbl/stepper.o
                0x0000000008015638                st_prep_buffer
 .text.st_get_realtime_rate
                0x0000000008015f88       0x18 ./grbl/stepper.o
                0x0000000008015f88                st_get_realtime_rate
 .text.stream_get_null
                0x0000000008015fa0        0x8 ./grbl/stream.o
                0x0000000008015fa0                stream_get_null
 .text.await_toolchange_ack
                0x0000000008015fa8       0x50 ./grbl/stream.o
 .text.stream_rx_suspend
                0x0000000008015ff8       0x70 ./grbl/stream.o
                0x0000000008015ff8                stream_rx_suspend
 .text.stream_buffer_all
                0x0000000008016068        0x4 ./grbl/stream.o
                0x0000000008016068                stream_buffer_all
 .text.spindle_reset_data
                0x000000000801606c       0x1c ./grbl/system.o
                0x000000000801606c                spindle_reset_data
 .text.toggle_single_block
                0x0000000008016088       0x2c ./grbl/system.o
 .text.toggle_block_delete
                0x00000000080160b4       0x34 ./grbl/system.o
 .text.toggle_optional_stop
                0x00000000080160e8       0x30 ./grbl/system.o
 .text.output_help
                0x0000000008016118        0x8 ./grbl/system.o
 .text.enumerate_pins
                0x0000000008016120        0x4 ./grbl/system.o
 .text.enumerate_alarms
                0x0000000008016124        0x4 ./grbl/system.o
 .text.enumerate_errors
                0x0000000008016128        0x4 ./grbl/system.o
 .text.enumerate_groups
                0x000000000801612c        0x8 ./grbl/system.o
 .text.enumerate_all
                0x0000000008016134       0x24 ./grbl/system.o
 .text.enumerate_settings
                0x0000000008016158        0xc ./grbl/system.o
 .text.jog      0x0000000008016164       0x2c ./grbl/system.o
 .text.output_startup_lines
                0x0000000008016190       0x5c ./grbl/system.o
 .text.settings_reset
                0x00000000080161ec       0x64 ./grbl/system.o
 .text.output_all_build_info
                0x0000000008016250       0x1c ./grbl/system.o
 .text.tool_probe_workpiece
                0x000000000801626c        0x4 ./grbl/system.o
 .text.set_tool_reference
                0x0000000008016270       0x54 ./grbl/system.o
 .text.output_ngc_parameters
                0x00000000080162c4        0xc ./grbl/system.o
 .text.output_parser_state
                0x00000000080162d0       0x1c ./grbl/system.o
 .text.enter_sleep
                0x00000000080162ec       0x34 ./grbl/system.o
 .text.set_startup_line
                0x0000000008016320       0x50 ./grbl/system.o
 .text.set_startup_line1
                0x0000000008016370        0x8 ./grbl/system.o
 .text.set_startup_line0
                0x0000000008016378        0x8 ./grbl/system.o
 .text.build_info
                0x0000000008016380       0x48 ./grbl/system.o
 .text.check_mode
                0x00000000080163c8       0x34 ./grbl/system.o
 .text.disable_lock
                0x00000000080163fc       0x94 ./grbl/system.o
 .text.system_execute_startup.part.0
                0x0000000008016490       0x48 ./grbl/system.o
 .text.go_home.isra.0
                0x00000000080164d8       0xe0 ./grbl/system.o
 .text.home_z   0x00000000080165b8        0x8 ./grbl/system.o
 .text.home_y   0x00000000080165c0        0x8 ./grbl/system.o
 .text.home_x   0x00000000080165c8        0x8 ./grbl/system.o
 .text.home     0x00000000080165d0        0x8 ./grbl/system.o
 .text.control_interrupt_handler
                0x00000000080165d8       0xac ./grbl/system.o
                0x00000000080165d8                control_interrupt_handler
 .text.system_execute_startup
                0x0000000008016684       0x14 ./grbl/system.o
                0x0000000008016684                system_execute_startup
 .text.read_int
                0x0000000008016698       0x48 ./grbl/system.o
                0x0000000008016698                read_int
 .text.output_all_settings
                0x00000000080166e0       0x40 ./grbl/system.o
 .text.output_settings
                0x0000000008016720       0x40 ./grbl/system.o
 .text.system_execute_line
                0x0000000008016760      0x1e8 ./grbl/system.o
                0x0000000008016760                system_execute_line
 .text.system_flag_wco_change
                0x0000000008016948       0x2c ./grbl/system.o
                0x0000000008016948                system_flag_wco_change
 .text.system_convert_array_steps_to_mpos
                0x0000000008016974       0x30 ./grbl/system.o
                0x0000000008016974                system_convert_array_steps_to_mpos
 .text.system_check_travel_limits
                0x00000000080169a4       0xd0 ./grbl/system.o
                0x00000000080169a4                system_check_travel_limits
 .text.system_apply_jog_limits
                0x0000000008016a74      0x124 ./grbl/system.o
                0x0000000008016a74                system_apply_jog_limits
 .text.system_raise_alarm
                0x0000000008016b98       0x38 ./grbl/system.o
                0x0000000008016b98                system_raise_alarm
 .text.change_completed
                0x0000000008016bd0       0x68 ./grbl/tool_change.o
 .text.reset    0x0000000008016c38       0x68 ./grbl/tool_change.o
 .text.trap_control_cycle_start
                0x0000000008016ca0       0x70 ./grbl/tool_change.o
 .text.trap_stream_cycle_start
                0x0000000008016d10       0x84 ./grbl/tool_change.o
 .text.execute_warning
                0x0000000008016d94        0xc ./grbl/tool_change.o
 .text.restore  0x0000000008016da0       0xf8 ./grbl/tool_change.o
 .text.execute_probe
                0x0000000008016e98      0x188 ./grbl/tool_change.o
 .text.tool_select
                0x0000000008017020       0x28 ./grbl/tool_change.o
 .text.tool_change
                0x0000000008017048      0x1c8 ./grbl/tool_change.o
 .text.on_probe_completed
                0x0000000008017210       0x40 ./grbl/tool_change.o
 .text.execute_restore
                0x0000000008017250       0x3c ./grbl/tool_change.o
 .text.tc_init  0x000000000801728c       0x80 ./grbl/tool_change.o
                0x000000000801728c                tc_init
 .text.tc_clear_tlo_reference
                0x000000000801730c       0x5c ./grbl/tool_change.o
                0x000000000801730c                tc_clear_tlo_reference
 .text.tc_probe_workpiece
                0x0000000008017368      0x14c ./grbl/tool_change.o
                0x0000000008017368                tc_probe_workpiece
 .text.trinamic_settings_save
                0x00000000080174b4       0x24 ./motors/trinamic.o
 .text.on_get_settings
                0x00000000080174d8        0x8 ./motors/trinamic.o
 .text.get_driver_enable
                0x00000000080174e0        0xc ./motors/trinamic.o
 .text.trinamic_settings_restore
                0x00000000080174ec      0x110 ./motors/trinamic.o
 .text.trinamic_realtime_report
                0x00000000080175fc       0x1c ./motors/trinamic.o
 .text.check_params
                0x0000000008017618       0x8c ./motors/trinamic.o
 .text.trinamic_MCodeValidate
                0x00000000080176a4      0x134 ./motors/trinamic.o
 .text.trinamic_limits
                0x00000000080177d8       0x88 ./motors/trinamic.o
 .text.trinamic_drivers_init
                0x0000000008017860      0x1ec ./motors/trinamic.o
 .text.trinamic_settings_load
                0x0000000008017a4c       0x40 ./motors/trinamic.o
 .text.set_driver_enable
                0x0000000008017a8c       0x38 ./motors/trinamic.o
 .text.pos_failed
                0x0000000008017ac4        0xc ./motors/trinamic.o
 .text.get_axis_setting_float
                0x0000000008017ad0       0x34 ./motors/trinamic.o
 .text.set_axis_setting_float
                0x0000000008017b04       0x38 ./motors/trinamic.o
 .text.get_axis_setting
                0x0000000008017b3c       0x60 ./motors/trinamic.o
 .text.set_axis_setting
                0x0000000008017b9c       0xcc ./motors/trinamic.o
 .text.report_sg_status
                0x0000000008017c68       0x4c ./motors/trinamic.o
 .text.trinamic_MCodeCheck
                0x0000000008017cb4       0x44 ./motors/trinamic.o
 .text.stepper_pulse_start
                0x0000000008017cf8       0x4c ./motors/trinamic.o
 .text.onReportOptions
                0x0000000008017d44       0x54 ./motors/trinamic.o
 .text.write_line.constprop.0
                0x0000000008017d98       0x30 ./motors/trinamic.o
 .text.trinamic_MCodeExecute
                0x0000000008017dc8     0x1018 ./motors/trinamic.o
 .text.trinamic_homing
                0x0000000008018de0      0x11c ./motors/trinamic.o
                0x0000000008018de0                trinamic_homing
 .text.trinamic_init
                0x0000000008018efc       0x8c ./motors/trinamic.o
                0x0000000008018efc                trinamic_init
 .text.await_cycle_start
                0x0000000008018f88        0x8 ./sdcard/sdcard.o
 .text.trap_state_change_request
                0x0000000008018f90       0x50 ./sdcard/sdcard.o
 .text.sd_cmd_rewind
                0x0000000008018fe0       0x10 ./sdcard/sdcard.o
 .text.sd_cmd_unlink
                0x0000000008018ff0        0x4 ./sdcard/sdcard.o
 .text.onReportCommandHelp
                0x0000000008018ff4       0x58 ./sdcard/sdcard.o
 .text.sdcard_get_commands
                0x000000000801904c        0x8 ./sdcard/sdcard.o
                0x000000000801904c                sdcard_get_commands
 .text.file_read
                0x0000000008019054       0x60 ./sdcard/sdcard.o
 .text.file_open
                0x00000000080190b4       0x68 ./sdcard/sdcard.o
 .text.sdcard_mount
                0x000000000801911c       0x44 ./sdcard/sdcard.o
 .text.sd_cmd_mount
                0x0000000008019160       0x1c ./sdcard/sdcard.o
 .text.drop_input_stream
                0x000000000801917c        0xc ./sdcard/sdcard.o
 .text.sdcard_end_job
                0x0000000008019188       0xbc ./sdcard/sdcard.o
 .text.sdcard_on_program_completed
                0x0000000008019244       0x8c ./sdcard/sdcard.o
 .text.sdcard_restart_msg
                0x00000000080192d0        0x8 ./sdcard/sdcard.o
 .text.sdcard_read
                0x00000000080192d8       0x88 ./sdcard/sdcard.o
 .text.sdcard_report
                0x0000000008019360       0xb8 ./sdcard/sdcard.o
 .text.sdcard_reset
                0x0000000008019418       0x60 ./sdcard/sdcard.o
 .text.onReportOptions
                0x0000000008019478       0x38 ./sdcard/sdcard.o
 .text.sd_cmd_to_output
                0x00000000080194b0       0x60 ./sdcard/sdcard.o
 .text.trap_status_report
                0x0000000008019510       0x3c ./sdcard/sdcard.o
 .text.scan_dir
                0x000000000801954c      0x1e4 ./sdcard/sdcard.o
 .text.sd_cmd_file
                0x0000000008019730       0xe4 ./sdcard/sdcard.o
 .text.sdcard_init
                0x0000000008019814       0x60 ./sdcard/sdcard.o
                0x0000000008019814                sdcard_init
 .text.tmc_microsteps_validate
                0x0000000008019874       0x2c ./trinamic/common.o
                0x0000000008019874                tmc_microsteps_validate
 .text.tmc_microsteps_to_mres
                0x00000000080198a0       0x28 ./trinamic/common.o
                0x00000000080198a0                tmc_microsteps_to_mres
 .text.tmc_calc_tstep
                0x00000000080198c8       0x2c ./trinamic/common.o
                0x00000000080198c8                tmc_calc_tstep
 .text.calcCRC  0x00000000080198f4       0x48 ./trinamic/tmc2209.o
 .text.TMC2209_SetDefaults
                0x000000000801993c       0x24 ./trinamic/tmc2209.o
                0x000000000801993c                TMC2209_SetDefaults
 .text.TMC2209_GetCurrent
                0x0000000008019960       0x64 ./trinamic/tmc2209.o
                0x0000000008019960                TMC2209_GetCurrent
 .text.TMC2209_GetTPWMTHRS
                0x00000000080199c4       0x50 ./trinamic/tmc2209.o
                0x00000000080199c4                TMC2209_GetTPWMTHRS
 .text.TMC2209_WriteRegister
                0x0000000008019a14       0x5c ./trinamic/tmc2209.o
                0x0000000008019a14                TMC2209_WriteRegister
 .text.TMC2209_SetCurrent
                0x0000000008019a70       0xc4 ./trinamic/tmc2209.o
                0x0000000008019a70                TMC2209_SetCurrent
 .text.TMC2209_SetTCOOLTHRS
                0x0000000008019b34       0x38 ./trinamic/tmc2209.o
                0x0000000008019b34                TMC2209_SetTCOOLTHRS
 .text.TMC2209_SetMicrosteps
                0x0000000008019b6c       0x34 ./trinamic/tmc2209.o
                0x0000000008019b6c                TMC2209_SetMicrosteps
 .text.TMC2209_ReadRegister
                0x0000000008019ba0       0x78 ./trinamic/tmc2209.o
                0x0000000008019ba0                TMC2209_ReadRegister
 .text.TMC2209_Init
                0x0000000008019c18       0xa0 ./trinamic/tmc2209.o
                0x0000000008019c18                TMC2209_Init
 .text.getConfig