sdcard.c:390:16:await_cycle_start	0	static
sdcard.c:403:13:trap_state_change_request	8	static
sdcard.c:543:22:sd_cmd_rewind	0	static
sdcard.c:573:22:sd_cmd_unlink	0	static
sdcard.c:602:13:onReportCommandHelp	8	static
sdcard.c:617:13:onReportOptions	8	static
sdcard.c:644:17:sdcard_get_commands	0	static
sdcard.c:278:16:file_read	16	static
sdcard.c:251:13:file_close	8	static
sdcard.c:259:13:file_open	16	static
sdcard.c:550:22:sd_cmd_to_output	16	static
sdcard.c:296:13:sdcard_mount	8	static
sdcard.c:536:22:sd_cmd_mount	8	static
sdcard.c:396:22:drop_input_stream	8	static
sdcard.c:339:13:sdcard_end_job	16	static
sdcard.c:420:22:trap_status_report	64	static
sdcard.c:457:13:sdcard_on_program_completed	16	static
sdcard.c:452:13:sdcard_restart_msg	8	static
sdcard.c:363:16:sdcard_read	8	static
sdcard.c:432:13:sdcard_report	24	static
sdcard.c:146:22:allowed	24	static
sdcard.c:190:16:scan_dir	368	static
sdcard.c:332:22:sdcard_ls	216	static
sdcard.c:497:22:sd_cmd_file	24	static
sdcard.c:587:13:sdcard_reset	80	static
sdcard.c:649:6:sdcard_init	0	static
sdcard.c:669:6:sdcard_busy	0	static
sdcard.c:674:8:sdcard_getfs	8	static
