trinamic.c:113:13:trinamic_settings_save	8	static
trinamic.c:126:27:on_get_settings	0	static
trinamic.c:149:17:get_driver_enable	0	static
trinamic.c:262:13:trinamic_settings_restore	8	static
trinamic.c:465:13:trinamic_realtime_report	8	static
trinamic.c:482:14:append	0	static
trinamic.c:536:13:check_params	32	static
trinamic.c:570:21:trinamic_MCodeCheck	8	static
trinamic.c:585:22:trinamic_MCodeValidate	24	static
trinamic.c:854:24:trinamic_limits	24	static
trinamic.c:359:13:trinamic_driver_config	32	static
trinamic.c:452:13:trinamic_drivers_init	8	static
trinamic.c:337:13:trinamic_settings_load	8	static
trinamic.c:133:22:set_driver_enable	8	static
trinamic.c:504:13:stepper_pulse_start	8	static
trinamic.c:354:13:pos_failed	8	static
trinamic.c:242:14:get_axis_setting_float	16	static
trinamic.c:222:22:set_axis_setting_float	24	static
trinamic.c:195:17:get_axis_setting	16	static
trinamic.c:157:22:set_axis_setting	16	static
trinamic.c:1219:13:onReportOptions	8	static
trinamic.c:497:13:report_sg_status	16	static
trinamic.c:490:13:write_line	8	static
trinamic.c:907:13:write_debug_report	112	static
trinamic.c:682:13:trinamic_MCodeExecute	32	static
trinamic.c:82:6:trinamic_if_init	0	static
trinamic.c:875:6:trinamic_homing	32	static
trinamic.c:1231:6:trinamic_init	16	static
trinamic.c:1255:6:trinamic_fault_handler	16	static
