diskio.c:99:6:xmit_spi	8	static
diskio.c:114:6:rcvr_spi	0	static
diskio.c:125:6:rcvr_spi_m	8	static
diskio.c:135:6:wait_ready	8	static
diskio.c:203:6:set_max_speed	0	static
diskio.c:210:6:power_off	0	static
diskio.c:217:5:chk_power	0	static
diskio.c:227:6:rcvr_datablock	16	static
diskio.c:293:6:send_cmd	16	static
diskio.c:340:6:send_cmd12	16	static
diskio.c:154:6:send_initial_clock_train	8	static
diskio.c:174:6:power_on	8	static
diskio.c:381:9:disk_initialize	24	static
diskio.c:446:9:disk_status	0	static
diskio.c:460:9:disk_read	16	static
diskio.c:552:9:disk_ioctl	40	static
diskio.c:661:6:disk_timerproc	0	static
diskio.c:681:7:get_fattime	0	static
