ff.c:3111:12:get_ldnumber	0	static
ff.c:3453:16:validate	16	static
ff.c:1064:16:move_window.part.0	16	static
ff.c:3185:13:check_fs	8	static
ff.c:3212:16:find_volume.isra.0	48	static
ff.c:1149:14:get_fat.isra.0	24	static
ff.c:1683:16:dir_sdi	24	static
ff.c:1731:16:dir_next.isra.0	24	static
ff.c:3024:16:follow_path	64	static
ff.c:2645:13:get_fileinfo	32	static
ff.c:2334:16:dir_read.constprop	40	static
ff.c:3497:9:f_mount	24	static
ff.c:3545:9:f_open	88	static
ff.c:3735:9:f_read	56	static
ff.c:4037:9:f_close	16	static
ff.c:4073:9:f_chdrive	16	static
ff.c:4090:9:f_chdir	80	static
ff.c:4152:9:f_getcwd	368	static
ff.c:4252:9:f_lseek	32	static
ff.c:4413:9:f_opendir	32	static
ff.c:4480:9:f_closedir	16	static
ff.c:4510:9:f_readdir	24	static
ff.c:4598:9:f_stat	72	static
