tmc2209.c:89:13:set_tfd	0	static
tmc2209.c:239:13:calcCRC	16	static
tmc2209.c:257:13:byteswap	0	static
tmc2209.c:96:6:TMC2209_SetDefaults	8	static
tmc2209.c:145:10:TMC2209_GetCurrent	16	static
tmc2209.c:171:10:TMC2209_GetTPWMTHRS	16	static
tmc2209.c:176:6:TMC2209_SetTPWMTHRS	16	static
tmc2209.c:188:6:TMC2209_SetTHIGH	0	static
tmc2209.c:201:6:TMC2209_MicrostepsIsValid	8	static
tmc2209.c:269:6:TMC2209_WriteRegister	16	static
tmc2209.c:151:6:TMC2209_SetCurrent	24	static
tmc2209.c:182:6:TMC2209_SetHybridThreshold	24	static
tmc2209.c:194:6:TMC2209_SetTCOOLTHRS	8	static
tmc2209.c:206:6:TMC2209_SetMicrosteps	8	static
tmc2209.c:214:6:TMC2209_SetConstantOffTimeChopper	24	static
tmc2209.c:291:6:TMC2209_ReadRegister	24	static
tmc2209.c:103:6:TMC2209_Init	24	static
tmc2209.c:318:21:TMC2209_GetRegPtr	0	static
