tmc5160hal.c:47:27:getConfig	0	static
tmc5160hal.c:110:25:GetIholdIrun	0	static
tmc5160hal.c:188:16:GetGlobalScaler	0	static
tmc5160hal.c:201:13:stealthChopGet	0	static
tmc5160hal.c:220:16:get_sg_stall_value	0	static
tmc5160hal.c:269:13:hysteresis_end	16	static
tmc5160hal.c:263:13:hysteresis_start	8	static
tmc5160hal.c:257:13:chopper_mode	8	static
tmc5160hal.c:251:13:tbl	16	static
tmc5160hal.c:245:13:toff	8	static
tmc5160hal.c:237:13:semax	8	static
tmc5160hal.c:231:13:semin	8	static
tmc5160hal.c:225:13:sedn	8	static
tmc5160hal.c:214:13:sg_stall_value	8	static
tmc5160hal.c:208:13:sg_filter	8	static
tmc5160hal.c:195:13:stealthChop	8	static
tmc5160hal.c:158:13:stallGuardEnable	24	static
tmc5160hal.c:140:13:SetTHighRaw	8	static
tmc5160hal.c:152:13:SetTCoolThrsRaw	8	static
tmc5160hal.c:176:17:GetTPWMThrs	8	static
tmc5160hal.c:181:17:GetTPWMThrsRaw	16	static
tmc5160hal.c:121:17:GetDriverStatusRaw	16	static
tmc5160hal.c:88:25:GetDriverStatus	16	static
tmc5160hal.c:128:17:GetTStep	16	static
tmc5160hal.c:72:23:GetChopconf	8	static
tmc5160hal.c:135:13:SetTHigh	8	static
tmc5160hal.c:147:13:SetTCoolThrs	8	static
tmc5160hal.c:67:17:GetCurrent	8	static
tmc5160hal.c:62:13:SetCurrent	8	static
tmc5160hal.c:57:13:SetMicrosteps	8	static
tmc5160hal.c:52:13:MicrostepsIsValid	8	static
tmc5160hal.c:313:17:TMC5160_AddAxis	32	static
