cmsis_gcc.h:129:27:__enable_irq	0	static,ignoring_inline_asm
cmsis_gcc.h:140:27:__disable_irq	0	static,ignoring_inline_asm
driver.c:170:13:stepperEnable	8	static
driver.c:193:13:stepperWakeUp	12	static
driver.c:205:13:stepperGoIdle	0	static
driver.c:213:13:stepperCyclesPerTickPrescaled	0	static
driver.c:272:13:stepperPulseStart	8	static
driver.c:325:31:limitsGetState	8	static
driver.c:350:26:systemGetState	4	static
driver.c:389:13:probeConfigure	0	static
driver.c:397:15:probeGetState	0	static
driver.c:490:24:spindleGetState	0	static
driver.c:505:13:coolantSetState	0	static
driver.c:513:24:coolantGetState	0	static
driver.c:525:13:bitsSetAtomic	0	static,ignoring_inline_asm
driver.c:532:22:bitsClearAtomic	0	static,ignoring_inline_asm
driver.c:541:22:valueSetAtomic	0	static,ignoring_inline_asm
driver.c:550:17:getElapsedTicks	0	static
driver.c:463:22:spindleGetPWM	0	static
driver.c:310:13:limitsEnable	0	static
driver.c:157:13:driver_delay	0	static
driver.c:286:13:stepperPulseStartDelayed	8	static
driver.c:428:13:spindleSetState	0	static
driver.c:441:13:spindle_set_speed	4	static
driver.c:556:6:settings_changed	72	static
driver.c:478:13:spindleSetStateVariable	16	static
driver.c:784:22:jtag_enable	16	static
driver.c:796:13:driver_setup	56	static
driver.c:906:6:driver_init	24	static
driver.c:1022:6:TIM2_IRQHandler	0	static
driver.c:1049:6:TIM3_IRQHandler	8	static
driver.c:1064:6:TIM4_IRQHandler	16	static
driver.c:1085:6:EXTI0_IRQHandler	8	static
driver.c:1116:6:EXTI1_IRQHandler	8	static
driver.c:1146:6:EXTI2_IRQHandler	8	static
driver.c:1176:6:EXTI3_IRQHandler	8	static
driver.c:1272:6:EXTI15_10_IRQHandler	8	static
driver.c:1311:6:HAL_IncTick	16	static
