cmsis_gcc.h:129:27:__enable_irq	0	static,ignoring_inline_asm
cmsis_gcc.h:140:27:__disable_irq	0	static,ignoring_inline_asm
driver.c:198:13:stepperEnable	8	static
driver.c:221:13:stepperWakeUp	12	static
driver.c:233:13:stepperGoIdle	0	static
driver.c:241:13:stepperCyclesPerTickPrescaled	0	static
driver.c:300:13:stepperPulseStart	8	static
driver.c:353:31:limitsGetState	8	static
driver.c:378:26:systemGetState	4	static
driver.c:417:13:probeConfigure	0	static
driver.c:425:15:probeGetState	0	static
driver.c:518:24:spindleGetState	0	static
driver.c:533:13:coolantSetState	0	static
driver.c:541:24:coolantGetState	0	static
driver.c:553:13:bitsSetAtomic	0	static,ignoring_inline_asm
driver.c:560:22:bitsClearAtomic	0	static,ignoring_inline_asm
driver.c:569:22:valueSetAtomic	0	static,ignoring_inline_asm
driver.c:578:17:getElapsedTicks	0	static
driver.c:843:13:enumeratePins	40	static
driver.c:491:22:spindleGetPWM	0	static
driver.c:338:13:limitsEnable	0	static
driver.c:185:13:driver_delay	0	static
driver.c:314:13:stepperPulseStartDelayed	8	static
driver.c:456:13:spindleSetState	0	static
driver.c:469:13:spindle_set_speed	4	static
driver.c:584:6:settings_changed	112	static
driver.c:506:13:spindleSetStateVariable	16	static
driver.c:875:22:jtag_enable	16	static
driver.c:887:13:driver_setup	56	static
driver.c:991:6:driver_init	24	static
driver.c:1108:6:TIM2_IRQHandler	0	static
driver.c:1135:6:TIM3_IRQHandler	8	static
driver.c:1150:6:TIM4_IRQHandler	16	static
driver.c:1171:6:EXTI0_IRQHandler	8	static
driver.c:1202:6:EXTI1_IRQHandler	8	static
driver.c:1232:6:EXTI2_IRQHandler	8	static
driver.c:1262:6:EXTI3_IRQHandler	8	static
driver.c:1358:6:EXTI15_10_IRQHandler	8	static
driver.c:1397:6:HAL_IncTick	16	static
