tmc2130hal.c:47:27:getConfig	0	static
tmc2130hal.c:109:25:GetIholdIrun	0	static
tmc2130hal.c:194:13:stealthChopGet	0	static
tmc2130hal.c:213:16:get_sg_stall_value	0	static
tmc2130hal.c:262:13:hysteresis_end	4	static
tmc2130hal.c:256:13:hysteresis_start	0	static
tmc2130hal.c:250:13:chopper_mode	0	static
tmc2130hal.c:244:13:tbl	4	static
tmc2130hal.c:238:13:toff	0	static
tmc2130hal.c:230:13:semax	0	static
tmc2130hal.c:224:13:semin	0	static
tmc2130hal.c:218:13:sedn	0	static
tmc2130hal.c:207:13:sg_stall_value	0	static
tmc2130hal.c:201:13:sg_filter	0	static
tmc2130hal.c:188:13:stealthChop	0	static
tmc2130hal.c:156:13:stallGuardEnable	24	static
tmc2130hal.c:139:13:SetTHighRaw	4	static
tmc2130hal.c:150:13:SetTCoolThrsRaw	4	static
tmc2130hal.c:174:17:GetTPWMThrs	0	static
tmc2130hal.c:179:17:GetTPWMThrsRaw	16	static
tmc2130hal.c:120:17:GetDriverStatusRaw	16	static
tmc2130hal.c:87:25:GetDriverStatus	16	static
tmc2130hal.c:127:17:GetTStep	16	static
tmc2130hal.c:72:23:GetChopconf	16	static
tmc2130hal.c:134:13:SetTHigh	0	static
tmc2130hal.c:145:13:SetTCoolThrs	0	static
tmc2130hal.c:67:17:GetCurrent	0	static
tmc2130hal.c:62:13:SetCurrent	0	static
tmc2130hal.c:57:13:SetMicrosteps	0	static
tmc2130hal.c:52:13:MicrostepsIsValid	0	static
tmc2130hal.c:306:17:TMC2130_AddAxis	32	static
