ff.c:580:13:ld_word	0	static
ff.c:589:14:ld_dword	0	static
ff.c:654:13:mem_cpy	4	static
ff.c:668:13:mem_set	0	static
ff.c:679:12:mem_cmp	4	static
ff.c:693:12:chk_chr	0	static
ff.c:701:12:dbc_1st	0	static
ff.c:721:12:dbc_2nd	0	static
ff.c:1132:14:clst2sect	0	static
ff.c:1834:14:ld_clust	16	static
ff.c:1907:12:pick_lfn	24	static
ff.c:2040:13:sum_sfn	4	static
ff.c:3111:12:get_ldnumber	4	static
ff.c:3453:16:validate	16	static
ff.c:1064:16:move_window	16	static
ff.c:3185:13:check_fs	16	static
ff.c:3212:16:find_volume	56	static
ff.c:1149:14:get_fat	24	static
ff.c:1683:16:dir_sdi	24	static
ff.c:1731:16:dir_next	24	static
ff.c:2334:16:dir_read	32	static
ff.c:818:13:put_utf	16	static
ff.c:2645:13:get_fileinfo	32	static
ff.c:745:14:tchar2uni	24	static
ff.c:2827:16:create_name	56	static
ff.c:1871:12:cmp_lfn	32	static
ff.c:2412:16:dir_find	32	static
ff.c:3024:16:follow_path	24	static
ff.c:3497:9:f_mount	24	static
ff.c:3545:9:f_open	88	static
ff.c:3735:9:f_read	56	static
ff.c:4037:9:f_close	16	static
ff.c:4073:9:f_chdrive	16	static
ff.c:4090:9:f_chdir	80	static
ff.c:4152:9:f_getcwd	368	static
ff.c:4252:9:f_lseek	40	static
ff.c:4413:9:f_opendir	24	static
ff.c:4480:9:f_closedir	16	static
ff.c:4510:9:f_readdir	24	static
ff.c:4598:9:f_stat	72	static
