report.c:320:16:report_feedback_message	16	static
report.c:447:12:cmp_settings	0	static
report.c:1735:14:add_limits	8	static
report.c:176:14:get_rate_value_mm	8	static
report.c:182:14:get_rate_value_inch	8	static
report.c:1814:13:report_pin	24	static
report.c:126:14:get_axis_values_mm	32	static
report.c:145:14:get_axis_values_inches	32	static
report.c:164:14:get_axis_value_mm	8	static
report.c:170:14:get_axis_value_inches	8	static
report.c:112:14:map_coord_system	8	static
report.c:92:14:appendbuf	16	static
report.c:452:13:report_setting	16	static
report.c:1345:13:report_bitfield	48	static
report.c:1380:13:report_settings_detail	24	static
report.c:1551:13:print_unsorted	16	static
report.c:1482:13:print_sorted	16	static
report.c:1677:12:cmp_setting_group_name	0	static
report.c:481:13:print_setting	16	static
report.c:266:15:report_status_message	16	static
report.c:1560:22:print_settings_details.isra.0	56	static
report.c:358:13:report_group_settings	24	static
report.c:1653:13:print_setting_group	16	static
report.c:1672:12:cmp_setting_group_id	0	static
report.c:248:6:report_init	0	static
report.c:255:6:report_init_fns	0	static
report.c:284:14:report_alarm_message	16	static
report.c:293:6:report_message	16	static
report.c:340:6:report_init_message	4	static
report.c:351:6:report_grbl_help	0	static
report.c:467:15:report_grbl_setting	16	static
report.c:494:6:report_grbl_settings	48	static
report.c:548:6:report_probe_parameters	32	static
report.c:561:6:report_home_position	16	static
report.c:571:6:report_tool_offsets	16	static
report.c:583:6:report_ngc_parameters	48	static
report.c:675:6:report_gcode_modes	24	static
report.c:799:6:report_startup_line	16	static
report.c:806:6:report_execute_startup_message	16	static
report.c:815:6:report_build_info	24	static
report.c:1035:6:report_echo_line_received	16	static
report.c:1048:6:report_realtime_status	96	static
report.c:1593:15:report_settings_details	16	static
report.c:1613:15:report_alarm_details	32	static
report.c:1633:15:report_error_details	32	static
report.c:1718:15:report_setting_group_details	24	static
report.c:378:15:report_help	24	static
report.c:1748:15:report_last_signals_event	24	static
report.c:1764:15:report_current_limit_state	24	static
report.c:1780:15:report_spindle_data	24	static
report.c:1829:15:report_pins	8	static
report.c:1837:6:report_pid_log	0	static
