system.c:147:15:spindle_reset_data	8	static
system.c:410:22:toggle_single_block	8	static
system.c:418:22:toggle_block_delete	8	static
system.c:426:22:toggle_optional_stop	8	static
system.c:485:22:output_help	0	static
system.c:359:22:enumerate_pins	0	static
system.c:331:22:enumerate_alarms	0	static
system.c:336:22:enumerate_errors	0	static
system.c:341:22:enumerate_groups	0	static
system.c:351:22:enumerate_all	8	static
system.c:346:22:enumerate_settings	0	static
system.c:318:22:jog	8	static
system.c:701:22:output_startup_lines	80	static
system.c:653:22:settings_reset	8	static
system.c:643:22:output_all_build_info	80	static
system.c:611:22:tool_probe_workpiece	0	static
system.c:588:22:set_tool_reference	16	static
system.c:616:22:output_ngc_parameters	8	static
system.c:402:22:output_parser_state	8	static
system.c:576:22:enter_sleep	8	static
system.c:721:22:set_startup_line	16	static
system.c:747:22:set_startup_line1	0	static
system.c:742:22:set_startup_line0	0	static
system.c:623:22:build_info	80	static
system.c:434:22:check_mode	8	static
system.c:451:22:disable_lock	24	static
system.c:130:6:system_execute_startup.part.0	80	static
system.c:490:22:go_home.isra.0	24	static
system.c:550:22:home_z	0	static
system.c:545:22:home_y	0	static
system.c:540:22:home_x	0	static
system.c:535:22:home	0	static
system.c:83:15:control_interrupt_handler	16	static
system.c:130:6:system_execute_startup	0	static
system.c:155:15:read_int	24	static
system.c:385:22:output_all_settings	16	static
system.c:364:22:output_settings	16	static
system.c:230:15:system_execute_line	72	static
system.c:766:6:system_flag_wco_change	8	static
system.c:777:6:system_convert_array_steps_to_mpos	24	static
system.c:793:6:system_check_travel_limits	48	static
system.c:818:6:system_apply_jog_limits	64	static
system.c:848:6:system_raise_alarm	16	static
