settings.c:497:13:save_override_backup	0	static
settings.c:509:13:restore_override_backup	0	static
settings.c:556:22:set_probe_invert	8	static
settings.c:567:22:set_report_mask	0	static
settings.c:588:22:set_control_invert	0	static
settings.c:595:22:set_spindle_invert	0	static
settings.c:606:22:set_control_disable_pullup	0	static
settings.c:613:22:set_probe_disable_pullup	0	static
settings.c:623:22:set_soft_limits_enable	0	static
settings.c:633:22:set_hard_limits_enable	8	static
settings.c:644:22:set_jog_soft_limited	0	static
settings.c:654:22:set_homing_enable	0	static
settings.c:675:22:set_enable_legacy_rt_commands	0	static
settings.c:690:22:set_mode	0	static
settings.c:746:22:set_sleep_enable	0	static
settings.c:753:22:set_hold_actions	0	static
settings.c:761:22:set_force_initialization_alarm	0	static
settings.c:768:22:set_probe_allow_feed_override	0	static
settings.c:790:22:set_tool_change_probing_distance	0	static
settings.c:970:17:get_int	0	static
settings.c:1168:13:is_setting_available	0	static
settings.c:1322:6:settings_write_global	8	static
settings.c:1639:14:remove_element	0	static
settings.c:775:22:set_tool_change_mode	8	static
settings.c:682:22:set_homing_cycle	8	static
settings.c:579:22:set_report_inches	8	static
settings.c:1602:17:strnumentries	16	static
settings.c:1574:22:validate_value	24	static
settings.c:521:6:settings_override_acceleration	16	static
settings.c:540:20:settings_get_details	0	static
settings.c:850:14:settings_get_axis_base	0	static
settings.c:918:14:get_float	16	static
settings.c:858:22:set_axis_setting	32	static
settings.c:1097:7:setting_get_value	16	static
settings.c:1207:6:settings_write_build_info	8	static
settings.c:1214:6:settings_read_build_info	16	static
settings.c:1226:6:settings_write_startup_line	8	static
settings.c:1239:6:settings_read_startup_line	16	static
settings.c:1253:6:settings_write_coord_data	8	static
settings.c:1266:6:settings_read_coord_data	16	static
settings.c:1280:6:settings_write_tool_data	0	static
settings.c:1295:6:settings_read_tool_data	0	static
settings.c:1313:6:read_global_settings	8	static
settings.c:1333:6:settings_restore	104	static
settings.c:1398:6:settings_is_group_available	24	static
settings.c:1475:17:settings_normalize_group	0	static
settings.c:1497:6:settings_iterator	32	static
settings.c:1551:25:setting_get_details	32	static
settings.c:1618:20:setting_datatype_to_external	0	static
settings.c:1634:6:setting_is_list	0	static
settings.c:1662:13:setting_remove_element	16	static
settings.c:1672:6:setting_remove_elements	24	static
settings.c:1701:15:setting_validate_me	16	static
settings.c:1753:15:setting_validate	16	static
settings.c:1762:15:settings_store_setting	40	static
settings.c:1867:6:settings_init	8	static
