state_machine.c:678:13:state_noop	0	static
state_machine.c:555:13:restart_retract	8	static
state_machine.c:346:13:state_await_hold	16	static
state_machine.c:584:13:state_await_waypoint_retract	32	static
state_machine.c:65:13:state_restore_conditions	16	static
state_machine.c:629:13:state_restore	8	static
state_machine.c:572:13:state_await_waypoint_cancel	8	static
state_machine.c:82:6:initiate_hold	24	static
state_machine.c:124:6:state_door_reopened	0	static
state_machine.c:137:13:state_get	0	static
state_machine.c:142:6:state_set	16	static
state_machine.c:272:13:state_idle	8	static
state_machine.c:438:13:state_await_resume	32	static
state_machine.c:519:13:state_await_restore	16	static
state_machine.c:663:13:state_await_resumed	8	static
state_machine.c:129:6:state_update	8	static
state_machine.c:311:13:state_await_toolchanged	8	static
state_machine.c:289:13:state_cycle	8	static
state_machine.c:327:13:state_await_motion_cancel	16	static
state_machine.c:241:6:state_suspend_manager	8	static
